Component: ARM Compiler 5.06 update 7 (build 960) Tool: armlink [4d3601]

==============================================================================

Section Cross References

    startup_stm32f407xx.o(STACK) refers (Special) to heapauxi.o(.text) for __use_two_region_memory
    startup_stm32f407xx.o(HEAP) refers (Special) to heapauxi.o(.text) for __use_two_region_memory
    startup_stm32f407xx.o(RESET) refers (Special) to heapauxi.o(.text) for __use_two_region_memory
    startup_stm32f407xx.o(RESET) refers to startup_stm32f407xx.o(STACK) for __initial_sp
    startup_stm32f407xx.o(RESET) refers to startup_stm32f407xx.o(.text) for Reset_Handler
    startup_stm32f407xx.o(RESET) refers to stm32f4xx_it.o(i.NMI_Handler) for NMI_Handler
    startup_stm32f407xx.o(RESET) refers to stm32f4xx_it.o(i.HardFault_Handler) for HardFault_Handler
    startup_stm32f407xx.o(RESET) refers to stm32f4xx_it.o(i.MemManage_Handler) for MemManage_Handler
    startup_stm32f407xx.o(RESET) refers to stm32f4xx_it.o(i.BusFault_Handler) for BusFault_Handler
    startup_stm32f407xx.o(RESET) refers to stm32f4xx_it.o(i.UsageFault_Handler) for UsageFault_Handler
    startup_stm32f407xx.o(RESET) refers to stm32f4xx_it.o(i.SVC_Handler) for SVC_Handler
    startup_stm32f407xx.o(RESET) refers to stm32f4xx_it.o(i.DebugMon_Handler) for DebugMon_Handler
    startup_stm32f407xx.o(RESET) refers to stm32f4xx_it.o(i.PendSV_Handler) for PendSV_Handler
    startup_stm32f407xx.o(RESET) refers to stm32f4xx_it.o(i.SysTick_Handler) for SysTick_Handler
    startup_stm32f407xx.o(RESET) refers to stm32f4xx_it.o(i.OTG_FS_IRQHandler) for OTG_FS_IRQHandler
    startup_stm32f407xx.o(.text) refers (Special) to heapauxi.o(.text) for __use_two_region_memory
    startup_stm32f407xx.o(.text) refers to system_stm32f4xx.o(i.SystemInit) for SystemInit
    startup_stm32f407xx.o(.text) refers to __main.o(!!!main) for __main
    startup_stm32f407xx.o(.text) refers to startup_stm32f407xx.o(HEAP) for Heap_Mem
    startup_stm32f407xx.o(.text) refers to startup_stm32f407xx.o(STACK) for Stack_Mem
    flash_if.o(i.FLASH_If_EraseSectors) refers to flash_if.o(i.FLASH_If_GetSectorNumber) for FLASH_If_GetSectorNumber
    flash_if.o(i.FLASH_If_EraseSectors) refers to stm32f4xx_hal_flash_ex.o(i.HAL_FLASHEx_Erase) for HAL_FLASHEx_Erase
    flash_if.o(i.FLASH_If_EraseSectors) refers to flash_if.o(.data) for .data
    flash_if.o(i.FLASH_If_EraseSectors) refers to flash_if.o(.bss) for .bss
    flash_if.o(i.FLASH_If_FlashUnlock) refers to stm32f4xx_hal_flash.o(i.HAL_FLASH_Unlock) for HAL_FLASH_Unlock
    flash_if.o(i.FLASH_If_ReadOutProtectionStatus) refers to stm32f4xx_hal_flash_ex.o(i.HAL_FLASHEx_OBGetConfig) for HAL_FLASHEx_OBGetConfig
    flash_if.o(i.FLASH_If_ReadOutProtectionStatus) refers to flash_if.o(.data) for .data
    flash_if.o(i.FLASH_If_ReadOutProtectionStatus) refers to flash_if.o(.bss) for .bss
    flash_if.o(i.FLASH_If_Write) refers to stm32f4xx_hal_flash.o(i.HAL_FLASH_Program) for HAL_FLASH_Program
    printf_retarget.o(.rev16_text) refers (Special) to use_no_semi_2.o(.text) for __use_no_semihosting
    printf_retarget.o(.revsh_text) refers (Special) to use_no_semi_2.o(.text) for __use_no_semihosting
    printf_retarget.o(.rrx_text) refers (Special) to use_no_semi_2.o(.text) for __use_no_semihosting
    printf_retarget.o(i._sys_exit) refers (Special) to use_no_semi_2.o(.text) for __use_no_semihosting
    printf_retarget.o(i._ttywrch) refers (Special) to use_no_semi_2.o(.text) for __use_no_semihosting
    printf_retarget.o(i.fputc) refers (Special) to use_no_semi_2.o(.text) for __use_no_semihosting
    printf_retarget.o(i.fputc) refers to printf_retarget.o(i.print_char) for print_char
    printf_retarget.o(i.print_char) refers (Special) to use_no_semi_2.o(.text) for __use_no_semihosting
    printf_retarget.o(i.print_char) refers to stm32f4xx_hal_uart.o(i.HAL_UART_Transmit) for HAL_UART_Transmit
    printf_retarget.o(i.print_char) refers to printf_retarget.o(.data) for .data
    printf_retarget.o(.data) refers (Special) to use_no_semi_2.o(.text) for __use_no_semihosting
    printf_retarget.o(.data) refers to usart.o(.bss) for huart2
    printf_retarget.o(.data) refers (Special) to use_no_semi_2.o(.text) for __use_no_semihosting
    main.o(i.SystemClock_Config) refers to rt_memclr_w.o(.text) for __aeabi_memclr4
    main.o(i.SystemClock_Config) refers to stm32f4xx_hal_rcc.o(i.HAL_RCC_OscConfig) for HAL_RCC_OscConfig
    main.o(i.SystemClock_Config) refers to stm32f4xx_hal_rcc.o(i.HAL_RCC_ClockConfig) for HAL_RCC_ClockConfig
    main.o(i.jump2app) refers to noretval__2printf.o(.text) for __2printf
    main.o(i.jump2app) refers to iap_menu.o(i.Fail_Handler) for Fail_Handler
    main.o(i.main) refers to gpio.o(i.MX_GPIO_Init) for MX_GPIO_Init
    main.o(i.main) refers to usart.o(i.MX_USART2_UART_Init) for MX_USART2_UART_Init
    main.o(i.main) refers to stm32f4xx_hal.o(i.HAL_Init) for HAL_Init
    main.o(i.main) refers to main.o(i.SystemClock_Config) for SystemClock_Config
[...]
    __rt_lib_shutdown_fini_1                 0x08000231   Thumb Code     0  libshutdown2.o(.ARM.Collect$$libshutdown$$00000002)
    __rt_lib_shutdown_fp_trap_1              0x08000231   Thumb Code     0  libshutdown2.o(.ARM.Collect$$libshutdown$$00000009)
    __rt_lib_shutdown_heap_1                 0x08000231   Thumb Code     0  libshutdown2.o(.ARM.Collect$$libshutdown$$00000011)
    __rt_lib_shutdown_return                 0x08000231   Thumb Code     0  libshutdown2.o(.ARM.Collect$$libshutdown$$00000012)
    __rt_lib_shutdown_signal_1               0x08000231   Thumb Code     0  libshutdown2.o(.ARM.Collect$$libshutdown$$0000000C)
    __rt_lib_shutdown_stdio_1                0x08000231   Thumb Code     0  libshutdown2.o(.ARM.Collect$$libshutdown$$00000006)
    __rt_lib_shutdown_user_alloc_1           0x08000231   Thumb Code     0  libshutdown2.o(.ARM.Collect$$libshutdown$$0000000E)
    __rt_entry                               0x08000233   Thumb Code     0  __rtentry.o(.ARM.Collect$$rtentry$$00000000)
    __rt_entry_presh_1                       0x08000233   Thumb Code     0  __rtentry2.o(.ARM.Collect$$rtentry$$00000002)
    __rt_entry_sh                            0x08000233   Thumb Code     0  __rtentry4.o(.ARM.Collect$$rtentry$$00000004)
    __rt_entry_li                            0x08000239   Thumb Code     0  __rtentry2.o(.ARM.Collect$$rtentry$$0000000A)
    __rt_entry_postsh_1                      0x08000239   Thumb Code     0  __rtentry2.o(.ARM.Collect$$rtentry$$00000009)
    __rt_entry_main                          0x0800023d   Thumb Code     0  __rtentry2.o(.ARM.Collect$$rtentry$$0000000D)
    __rt_entry_postli_1                      0x0800023d   Thumb Code     0  __rtentry2.o(.ARM.Collect$$rtentry$$0000000C)
    __rt_exit                                0x08000245   Thumb Code     0  rtexit.o(.ARM.Collect$$rtexit$$00000000)
    __rt_exit_ls                             0x08000247   Thumb Code     0  rtexit2.o(.ARM.Collect$$rtexit$$00000003)
    __rt_exit_prels_1                        0x08000247   Thumb Code     0  rtexit2.o(.ARM.Collect$$rtexit$$00000002)
    __rt_exit_exit                           0x0800024b   Thumb Code     0  rtexit2.o(.ARM.Collect$$rtexit$$00000004)
    Reset_Handler                            0x08000251   Thumb Code     8  startup_stm32f407xx.o(.text)
    _maybe_terminate_alloc                   0x08000251   Thumb Code     0  maybetermalloc1.o(.emb_text)
    ADC_IRQHandler                           0x0800026b   Thumb Code     0  startup_stm32f407xx.o(.text)
    CAN1_RX0_IRQHandler                      0x0800026b   Thumb Code     0  startup_stm32f407xx.o(.text)
    CAN1_RX1_IRQHandler                      0x0800026b   Thumb Code     0  startup_stm32f407xx.o(.text)
    CAN1_SCE_IRQHandler                      0x0800026b   Thumb Code     0  startup_stm32f407xx.o(.text)
    CAN1_TX_IRQHandler                       0x0800026b   Thumb Code     0  startup_stm32f407xx.o(.text)
    CAN2_RX0_IRQHandler                      0x0800026b   Thumb Code     0  startup_stm32f407xx.o(.text)
    CAN2_RX1_IRQHandler                      0x0800026b   Thumb Code     0  startup_stm32f407xx.o(.text)
    CAN2_SCE_IRQHandler                      0x0800026b   Thumb Code     0  startup_stm32f407xx.o(.text)
    CAN2_TX_IRQHandler                       0x0800026b   Thumb Code     0  startup_stm32f407xx.o(.text)
    DCMI_IRQHandler                          0x0800026b   Thumb Code     0  startup_stm32f407xx.o(.text)
    DMA1_Stream0_IRQHandler                  0x0800026b   Thumb Code     0  startup_stm32f407xx.o(.text)
    DMA1_Stream1_IRQHandler                  0x0800026b   Thumb Code     0  startup_stm32f407xx.o(.text)
    DMA1_Stream2_IRQHandler                  0x0800026b   Thumb Code     0  startup_stm32f407xx.o(.text)
    DMA1_Stream3_IRQHandler                  0x0800026b   Thumb Code     0  startup_stm32f407xx.o(.text)
    DMA1_Stream4_IRQHandler                  0x0800026b   Thumb Code     0  startup_stm32f407xx.o(.text)
    DMA1_Stream5_IRQHandler                  0x0800026b   Thumb Code     0  startup_stm32f407xx.o(.text)
    DMA1_Stream6_IRQHandler                  0x0800026b   Thumb Code     0  startup_stm32f407xx.o(.text)
    DMA1_Stream7_IRQHandler                  0x0800026b   Thumb Code     0  startup_stm32f407xx.o(.text)
    DMA2_Stream0_IRQHandler                  0x0800026b   Thumb Code     0  startup_stm32f407xx.o(.text)
    DMA2_Stream1_IRQHandler                  0x0800026b   Thumb Code     0  startup_stm32f407xx.o(.text)
    DMA2_Stream2_IRQHandler                  0x0800026b   Thumb Code     0  startup_stm32f407xx.o(.text)
    DMA2_Stream3_IRQHandler                  0x0800026b   Thumb Code     0  startup_stm32f407xx.o(.text)
    DMA2_Stream4_IRQHandler                  0x0800026b   Thumb Code     0  startup_stm32f407xx.o(.text)
    DMA2_Stream5_IRQHandler                  0x0800026b   Thumb Code     0  startup_stm32f407xx.o(.text)
    DMA2_Stream6_IRQHandler                  0x0800026b   Thumb Code     0  startup_stm32f407xx.o(.text)
    DMA2_Stream7_IRQHandler                  0x0800026b   Thumb Code     0  startup_stm32f407xx.o(.text)
    ETH_IRQHandler                           0x0800026b   Thumb Code     0  startup_stm32f407xx.o(.text)
    ETH_WKUP_IRQHandler                      0x0800026b   Thumb Code     0  startup_stm32f407xx.o(.text)
    EXTI0_IRQHandler                         0x0800026b   Thumb Code     0  startup_stm32f407xx.o(.text)
    EXTI15_10_IRQHandler                     0x0800026b   Thumb Code     0  startup_stm32f407xx.o(.text)
    EXTI1_IRQHandler                         0x0800026b   Thumb Code     0  startup_stm32f407xx.o(.text)
    EXTI2_IRQHandler                         0x0800026b   Thumb Code     0  startup_stm32f407xx.o(.text)
    EXTI3_IRQHandler                         0x0800026b   Thumb Code     0  startup_stm32f407xx.o(.text)
    EXTI4_IRQHandler                         0x0800026b   Thumb Code     0  startup_stm32f407xx.o(.text)
    EXTI9_5_IRQHandler                       0x0800026b   Thumb Code     0  startup_stm32f407xx.o(.text)
    FLASH_IRQHandler                         0x0800026b   Thumb Code     0  startup_stm32f407xx.o(.text)
    FMC_IRQHandler                           0x0800026b   Thumb Code     0  startup_stm32f407xx.o(.text)
    FPU_IRQHandler                           0x0800026b   Thumb Code     0  startup_stm32f407xx.o(.text)
    HASH_RNG_IRQHandler                      0x0800026b   Thumb Code     0  startup_stm32f407xx.o(.text)
    I2C1_ER_IRQHandler                       0x0800026b   Thumb Code     0  startup_stm32f407xx.o(.text)
    I2C1_EV_IRQHandler                       0x0800026b   Thumb Code     0  startup_stm32f407xx.o(.text)
    I2C2_ER_IRQHandler                       0x0800026b   Thumb Code     0  startup_stm32f407xx.o(.text)
    I2C2_EV_IRQHandler                       0x0800026b   Thumb Code     0  startup_stm32f407xx.o(.text)
    I2C3_ER_IRQHandler                       0x0800026b   Thumb Code     0  startup_stm32f407xx.o(.text)
    I2C3_EV_IRQHandler                       0x0800026b   Thumb Code     0  startup_stm32f407xx.o(.text)
    OTG_FS_WKUP_IRQHandler                   0x0800026b   Thumb Code     0  startup_stm32f407xx.o(.text)
    OTG_HS_EP1_IN_IRQHandler                 0x0800026b   Thumb Code     0  startup_stm32f407xx.o(.text)
    OTG_HS_EP1_OUT_IRQHandler                0x0800026b   Thumb Code     0  startup_stm32f407xx.o(.text)
    OTG_HS_IRQHandler                        0x0800026b   Thumb Code     0  startup_stm32f407xx.o(.text)
    OTG_HS_WKUP_IRQHandler                   0x0800026b   Thumb Code     0  startup_stm32f407xx.o(.text)
    PVD_IRQHandler                           0x0800026b   Thumb Code     0  startup_stm32f407xx.o(.text)
    RCC_IRQHandler                           0x0800026b   Thumb Code     0  startup_stm32f407xx.o(.text)
    RTC_Alarm_IRQHandler                     0x0800026b   Thumb Code     0  startup_stm32f407xx.o(.text)
    RTC_WKUP_IRQHandler                      0x0800026b   Thumb Code     0  startup_stm32f407xx.o(.text)
    SDIO_IRQHandler                          0x0800026b   Thumb Code     0  startup_stm32f407xx.o(.text)
    SPI1_IRQHandler                          0x0800026b   Thumb Code     0  startup_stm32f407xx.o(.text)
    SPI2_IRQHandler                          0x0800026b   Thumb Code     0  startup_stm32f407xx.o(.text)
    SPI3_IRQHandler                          0x0800026b   Thumb Code     0  startup_stm32f407xx.o(.text)
    TAMP_STAMP_IRQHandler                    0x0800026b   Thumb Code     0  startup_stm32f407xx.o(.text)
    TIM1_BRK_TIM9_IRQHandler                 0x0800026b   Thumb Code     0  startup_stm32f407xx.o(.text)
    TIM1_CC_IRQHandler                       0x0800026b   Thumb Code     0  startup_stm32f407xx.o(.text)
    TIM1_TRG_COM_TIM11_IRQHandler            0x0800026b   Thumb Code     0  startup_stm32f407xx.o(.text)
    TIM1_UP_TIM10_IRQHandler                 0x0800026b   Thumb Code     0  startup_stm32f407xx.o(.text)
    TIM2_IRQHandler                          0x0800026b   Thumb Code     0  startup_stm32f407xx.o(.text)
    TIM3_IRQHandler                          0x0800026b   Thumb Code     0  startup_stm32f407xx.o(.text)
    TIM4_IRQHandler                          0x0800026b   Thumb Code     0  startup_stm32f407xx.o(.text)
    TIM5_IRQHandler                          0x0800026b   Thumb Code     0  startup_stm32f407xx.o(.text)
    TIM6_DAC_IRQHandler                      0x0800026b   Thumb Code     0  startup_stm32f407xx.o(.text)
    TIM7_IRQHandler                          0x0800026b   Thumb Code     0  startup_stm32f407xx.o(.text)
    TIM8_BRK_TIM12_IRQHandler                0x0800026b   Thumb Code     0  startup_stm32f407xx.o(.text)
    TIM8_CC_IRQHandler                       0x0800026b   Thumb Code     0  startup_stm32f407xx.o(.text)
    TIM8_TRG_COM_TIM14_IRQHandler            0x0800026b   Thumb Code     0  startup_stm32f407xx.o(.text)
    TIM8_UP_TIM13_IRQHandler                 0x0800026b   Thumb Code     0  startup_stm32f407xx.o(.text)
    UART4_IRQHandler                         0x0800026b   Thumb Code     0  startup_stm32f407xx.o(.text)
    UART5_IRQHandler                         0x0800026b   Thumb Code     0  startup_stm32f407xx.o(.text)
    USART1_IRQHandler                        0x0800026b   Thumb Code     0  startup_stm32f407xx.o(.text)
    USART2_IRQHandler                        0x0800026b   Thumb Code     0  startup_stm32f407xx.o(.text)
    USART3_IRQHandler                        0x0800026b   Thumb Code     0  startup_stm32f407xx.o(.text)
    USART6_IRQHandler                        0x0800026b   Thumb Code     0  startup_stm32f407xx.o(.text)
    WWDG_IRQHandler                          0x0800026b   Thumb Code     0  startup_stm32f407xx.o(.text)
    __user_initial_stackheap                 0x0800026d   Thumb Code     0  startup_stm32f407xx.o(.text)
    __use_no_semihosting                     0x08000291   Thumb Code     2  use_no_semi_2.o(.text)
    malloc                                   0x08000293   Thumb Code    94  h1_alloc.o(.text)
    free                                     0x080002f1   Thumb Code    78  h1_free.o(.text)
    __aeabi_uldivmod                         0x0800033f   Thumb Code     0  lludivv7m.o(.text)
    _ll_udiv                                 0x0800033f   Thumb Code   238  lludivv7m.o(.text)
    __2printf                                0x0800042d   Thumb Code    20  noretval__2printf.o(.text)
    _printf_str                              0x08000445   Thumb Code    82  _printf_str.o(.text)
    _printf_int_dec                          0x08000499   Thumb Code   104  _printf_dec.o(.text)
    __printf                                 0x08000511   Thumb Code   184  __printf_ss.o(.text)
    strcasecmp                               0x080005c9   Thumb Code    42  strcasecmp.o(.text)
    strlen                                   0x080005f3   Thumb Code    62  strlen.o(.text)
    __aeabi_memcpy                           0x08000631   Thumb Code     0  rt_memcpy_v6.o(.text)
    __rt_memcpy                              0x08000631   Thumb Code   138  rt_memcpy_v6.o(.text)
    _memcpy_lastbytes                        0x08000697   Thumb Code     0  rt_memcpy_v6.o(.text)
    __aeabi_memcpy4                          0x080006bb   Thumb Code     0  rt_memcpy_w.o(.text)
    __aeabi_memcpy8                          0x080006bb   Thumb Code     0  rt_memcpy_w.o(.text)
    __rt_memcpy_w                            0x080006bb   Thumb Code   100  rt_memcpy_w.o(.text)
    _memcpy_lastbytes_aligned                0x08000703   Thumb Code     0  rt_memcpy_w.o(.text)
    __aeabi_memclr                           0x0800071f   Thumb Code     0  rt_memclr.o(.text)
    __rt_memclr                              0x0800071f   Thumb Code    68  rt_memclr.o(.text)
    _memset                                  0x08000723   Thumb Code     0  rt_memclr.o(.text)
    __aeabi_memclr4                          0x08000763   Thumb Code     0  rt_memclr_w.o(.text)
    __aeabi_memclr8                          0x08000763   Thumb Code     0  rt_memclr_w.o(.text)
    __rt_memclr_w                            0x08000763   Thumb Code    78  rt_memclr_w.o(.text)
    _memset_w                                0x08000767   Thumb Code     0  rt_memclr_w.o(.text)
    strncpy                                  0x080007b1   Thumb Code    86  strncpy.o(.text)
    strcmp                                   0x08000809   Thumb Code   128  strcmpv7m.o(.text)
    __use_two_region_memory                  0x08000889   Thumb Code     2  heapauxi.o(.text)
    __rt_heap_escrow                         0x0800088b   Thumb Code     2  heapauxi.o(.text)
    __rt_heap_expand                         0x0800088d   Thumb Code     2  heapauxi.o(.text)
    __I$use$semihosting                      0x0800088f   Thumb Code     0  use_no_semi.o(.text)
    __use_no_semihosting_swi                 0x0800088f   Thumb Code     2  use_no_semi.o(.text)
    __rt_heap_descriptor                     0x08000891   Thumb Code     8  rt_heap_descriptor_intlibspace.o(.text)
    __use_no_heap                            0x08000899   Thumb Code     2  hguard.o(.text)
    __heap$guard                             0x0800089b   Thumb Code     2  hguard.o(.text)
    _terminate_user_alloc                    0x0800089d   Thumb Code     2  init_alloc.o(.text)
    _init_user_alloc                         0x0800089f   Thumb Code     2  init_alloc.o(.text)
    __Heap_Full                              0x080008a1   Thumb Code    34  init_alloc.o(.text)
    __Heap_Broken                            0x080008c3   Thumb Code     6  init_alloc.o(.text)
    _init_alloc                              0x080008c9   Thumb Code    94  init_alloc.o(.text)
    __Heap_Initialize                        0x08000927   Thumb Code    10  h1_init.o(.text)
    __Heap_DescSize                          0x08000931   Thumb Code     4  h1_init.o(.text)
    tolower                                  0x08000935   Thumb Code    26  tolower.o(.text)
    _printf_int_common                       0x0800094f   Thumb Code   178  _printf_intcommon.o(.text)
    _printf_cs_common                        0x08000a01   Thumb Code    20  _printf_char.o(.text)
    _printf_char                             0x08000a15   Thumb Code    16  _printf_char.o(.text)
    _printf_string                           0x08000a25   Thumb Code     8  _printf_char.o(.text)
    _printf_char_file                        0x08000a2d   Thumb Code    32  _printf_char_file.o(.text)
    __user_libspace                          0x08000a51   Thumb Code     8  libspace.o(.text)
    __user_perproc_libspace                  0x08000a51   Thumb Code     0  libspace.o(.text)
    __user_perthread_libspace                0x08000a51   Thumb Code     0  libspace.o(.text)
    __rt_ctype_table                         0x08000a59   Thumb Code    16  rt_ctype_table.o(.text)
    __Heap_ProvideMemory                     0x08000a69   Thumb Code    52  h1_extend.o(.text)
    _printf_char_common                      0x08000aa7   Thumb Code    32  _printf_char_common.o(.text)
    ferror                                   0x08000acd   Thumb Code     8  ferror.o(.text)
    __rt_SIGRTMEM                            0x08000ad5   Thumb Code    14  defsig_rtmem_outer.o(.text)
    __user_setup_stackheap                   0x08000ae3   Thumb Code    74  sys_stackheap_outer.o(.text)
    __rt_locale                              0x08000b2d   Thumb Code     8  rt_locale_intlibspace.o(.text)
    exit                                     0x08000b35   Thumb Code    18  exit.o(.text)
    __sig_exit                               0x08000b47   Thumb Code    10  defsig_exit.o(.text)
    __rt_SIGRTMEM_inner                      0x08000b51   Thumb Code    22  defsig_rtmem_inner.o(.text)
    __default_signal_display                 0x08000ba1   Thumb Code    50  defsig_general.o(.text)
    BusFault_Handler                         0x08000bd3   Thumb Code     2  stm32f4xx_it.o(i.BusFault_Handler)
    COMMAND_Download                         0x08000bd5   Thumb Code   162  command.o(i.COMMAND_Download)
    COMMAND_Jump                             0x08000d09   Thumb Code    26  command.o(i.COMMAND_Jump)
    COMMAND_Upload                           0x08000d2d   Thumb Code   152  command.o(i.COMMAND_Upload)
    DebugMon_Handler                         0x08000e39   Thumb Code     2  stm32f4xx_it.o(i.DebugMon_Handler)
    Erase_Fail_Handler                       0x08000e3d   Thumb Code    22  iap_menu.o(i.Erase_Fail_Handler)
    Error_Handler                            0x08000e59   Thumb Code     4  main.o(i.Error_Handler)
    FATFS_LinkDriver                         0x08000e5d   Thumb Code     6  ff_gen_drv.o(i.FATFS_LinkDriver)
    FATFS_LinkDriverEx                       0x08000e65   Thumb Code    58  ff_gen_drv.o(i.FATFS_LinkDriverEx)
    FLASH_Erase_Sector                       0x08000ea5   Thumb Code    74  stm32f4xx_hal_flash_ex.o(i.FLASH_Erase_Sector)
    FLASH_FlushCaches                        0x08000ef5   Thumb Code    80  stm32f4xx_hal_flash_ex.o(i.FLASH_FlushCaches)
    FLASH_If_EraseSectors                    0x08000f49   Thumb Code    60  flash_if.o(i.FLASH_If_EraseSectors)
    FLASH_If_FlashUnlock                     0x08000f91   Thumb Code     4  flash_if.o(i.FLASH_If_FlashUnlock)
    FLASH_If_ReadOutProtectionStatus         0x0800105d   Thumb Code    30  flash_if.o(i.FLASH_If_ReadOutProtectionStatus)
    FLASH_If_Write                           0x08001085   Thumb Code    28  flash_if.o(i.FLASH_If_Write)
    FLASH_WaitForLastOperation               0x080011c9   Thumb Code    72  stm32f4xx_hal_flash.o(i.FLASH_WaitForLastOperation)
    FW_UPGRADE_Process                       0x08001219   Thumb Code   206  iap_menu.o(i.FW_UPGRADE_Process)
    Fail_Handler                             0x08001305   Thumb Code    22  iap_menu.o(i.Fail_Handler)
    FatFs_Fail_Handler                       0x08001321   Thumb Code    22  iap_menu.o(i.FatFs_Fail_Handler)
    HAL_Delay                                0x0800133d   Thumb Code    32  stm32f4xx_hal.o(i.HAL_Delay)
    HAL_FLASHEx_Erase                        0x08001361   Thumb Code   144  stm32f4xx_hal_flash_ex.o(i.HAL_FLASHEx_Erase)
    HAL_FLASHEx_OBGetConfig                  0x080013f9   Thumb Code    58  stm32f4xx_hal_flash_ex.o(i.HAL_FLASHEx_OBGetConfig)
    HAL_FLASH_Program                        0x08001439   Thumb Code   116  stm32f4xx_hal_flash.o(i.HAL_FLASH_Program)
    HAL_FLASH_Unlock                         0x080014b5   Thumb Code    32  stm32f4xx_hal_flash.o(i.HAL_FLASH_Unlock)
    HAL_GPIO_Init                            0x080014e1   Thumb Code   450  stm32f4xx_hal_gpio.o(i.HAL_GPIO_Init)
    HAL_GPIO_ReadPin                         0x080016d1   Thumb Code    10  stm32f4xx_hal_gpio.o(i.HAL_GPIO_ReadPin)
    HAL_GPIO_TogglePin                       0x080016db   Thumb Code    16  stm32f4xx_hal_gpio.o(i.HAL_GPIO_TogglePin)
    HAL_GPIO_WritePin                        0x080016eb   Thumb Code    10  stm32f4xx_hal_gpio.o(i.HAL_GPIO_WritePin)
    HAL_GetTick                              0x080016f5   Thumb Code     6  stm32f4xx_hal.o(i.HAL_GetTick)
    HAL_HCD_Connect_Callback                 0x08001701   Thumb Code     8  usbh_conf.o(i.HAL_HCD_Connect_Callback)
    HAL_HCD_Disconnect_Callback              0x08001709   Thumb Code     8  usbh_conf.o(i.HAL_HCD_Disconnect_Callback)
    HAL_HCD_GetCurrentFrame                  0x08001711   Thumb Code     6  stm32f4xx_hal_hcd.o(i.HAL_HCD_GetCurrentFrame)
    HAL_HCD_GetCurrentSpeed                  0x08001717   Thumb Code     6  stm32f4xx_hal_hcd.o(i.HAL_HCD_GetCurrentSpeed)
    HAL_HCD_HC_GetURBState                   0x0800171d   Thumb Code    18  stm32f4xx_hal_hcd.o(i.HAL_HCD_HC_GetURBState)
    HAL_HCD_HC_GetXferCount                  0x0800172f   Thumb Code    16  stm32f4xx_hal_hcd.o(i.HAL_HCD_HC_GetXferCount)
    HAL_HCD_HC_Halt                          0x0800173f   Thumb Code    36  stm32f4xx_hal_hcd.o(i.HAL_HCD_HC_Halt)
    HAL_HCD_HC_Init                          0x08001763   Thumb Code   118  stm32f4xx_hal_hcd.o(i.HAL_HCD_HC_Init)
    HAL_HCD_HC_NotifyURBChange_Callback      0x080017d9   Thumb Code     2  usbh_conf.o(i.HAL_HCD_HC_NotifyURBChange_Callback)
    HAL_HCD_HC_SubmitRequest                 0x080017db   Thumb Code   154  stm32f4xx_hal_hcd.o(i.HAL_HCD_HC_SubmitRequest)
    HAL_HCD_IRQHandler                       0x08001875   Thumb Code   314  stm32f4xx_hal_hcd.o(i.HAL_HCD_IRQHandler)
    HAL_HCD_Init                             0x080019af   Thumb Code   114  stm32f4xx_hal_hcd.o(i.HAL_HCD_Init)
    HAL_HCD_MspInit                          0x08001a21   Thumb Code   122  usbh_conf.o(i.HAL_HCD_MspInit)
    HAL_HCD_PortDisabled_Callback            0x08001aa5   Thumb Code     8  usbh_conf.o(i.HAL_HCD_PortDisabled_Callback)
    HAL_HCD_PortEnabled_Callback             0x08001aad   Thumb Code     8  usbh_conf.o(i.HAL_HCD_PortEnabled_Callback)
    HAL_HCD_ResetPort                        0x08001ab5   Thumb Code     6  stm32f4xx_hal_hcd.o(i.HAL_HCD_ResetPort)
    HAL_HCD_SOF_Callback                     0x08001abb   Thumb Code     8  usbh_conf.o(i.HAL_HCD_SOF_Callback)
    HAL_HCD_Start                            0x08001ac3   Thumb Code    44  stm32f4xx_hal_hcd.o(i.HAL_HCD_Start)
    HAL_HCD_Stop                             0x08001aef   Thumb Code    36  stm32f4xx_hal_hcd.o(i.HAL_HCD_Stop)
    HAL_IncTick                              0x08001b15   Thumb Code    12  stm32f4xx_hal.o(i.HAL_IncTick)
    HAL_Init                                 0x08001b25   Thumb Code    48  stm32f4xx_hal.o(i.HAL_Init)
    HAL_InitTick                             0x08001b59   Thumb Code    54  stm32f4xx_hal.o(i.HAL_InitTick)
    HAL_MspInit                              0x08001b99   Thumb Code    42  stm32f4xx_hal_msp.o(i.HAL_MspInit)
    HAL_NVIC_EnableIRQ                       0x08001bc9   Thumb Code    26  stm32f4xx_hal_cortex.o(i.HAL_NVIC_EnableIRQ)
    HAL_NVIC_SetPriority                     0x08001be5   Thumb Code    60  stm32f4xx_hal_cortex.o(i.HAL_NVIC_SetPriority)
    HAL_NVIC_SetPriorityGrouping             0x08001c25   Thumb Code    26  stm32f4xx_hal_cortex.o(i.HAL_NVIC_SetPriorityGrouping)
    HAL_RCC_ClockConfig                      0x08001c49   Thumb Code   288  stm32f4xx_hal_rcc.o(i.HAL_RCC_ClockConfig)
    HAL_RCC_GetPCLK1Freq                     0x08001d7d   Thumb Code    20  stm32f4xx_hal_rcc.o(i.HAL_RCC_GetPCLK1Freq)
    HAL_RCC_GetPCLK2Freq                     0x08001d9d   Thumb Code    20  stm32f4xx_hal_rcc.o(i.HAL_RCC_GetPCLK2Freq)
    HAL_RCC_GetSysClockFreq                  0x08001dbd   Thumb Code    88  stm32f4xx_hal_rcc.o(i.HAL_RCC_GetSysClockFreq)
    HAL_RCC_OscConfig                        0x08001e21   Thumb Code   856  stm32f4xx_hal_rcc.o(i.HAL_RCC_OscConfig)
    HAL_SYSTICK_Config                       0x0800218d   Thumb Code    40  stm32f4xx_hal_cortex.o(i.HAL_SYSTICK_Config)
    HAL_UART_Init                            0x080021b5   Thumb Code    98  stm32f4xx_hal_uart.o(i.HAL_UART_Init)
    HAL_UART_MspInit                         0x08002219   Thumb Code    92  usart.o(i.HAL_UART_MspInit)
    HAL_UART_Transmit                        0x08002281   Thumb Code   178  stm32f4xx_hal_uart.o(i.HAL_UART_Transmit)
    HardFault_Handler                        0x08002859   Thumb Code     2  stm32f4xx_it.o(i.HardFault_Handler)
    MX_FATFS_Init                            0x0800285d   Thumb Code    18  fatfs.o(i.MX_FATFS_Init)
    MX_GPIO_Init                             0x08002879   Thumb Code   154  gpio.o(i.MX_GPIO_Init)
    MX_USART2_UART_Init                      0x08002925   Thumb Code    48  usart.o(i.MX_USART2_UART_Init)
    MX_USB_HOST_Init                         0x0800295d   Thumb Code    52  usb_host.o(i.MX_USB_HOST_Init)
    MX_USB_HOST_Process                      0x0800299d   Thumb Code     6  usb_host.o(i.MX_USB_HOST_Process)
    MemManage_Handler                        0x080029a9   Thumb Code     2  stm32f4xx_it.o(i.MemManage_Handler)
    NMI_Handler                              0x080029ab   Thumb Code     2  stm32f4xx_it.o(i.NMI_Handler)
    OTG_FS_IRQHandler                        0x080029ad   Thumb Code     6  stm32f4xx_it.o(i.OTG_FS_IRQHandler)
    PendSV_Handler                           0x080029b9   Thumb Code     2  stm32f4xx_it.o(i.PendSV_Handler)
    SVC_Handler                              0x080029bb   Thumb Code     2  stm32f4xx_it.o(i.SVC_Handler)
    SysTick_Handler                          0x080029bd   Thumb Code     4  stm32f4xx_it.o(i.SysTick_Handler)
    SystemClock_Config                       0x080029c1   Thumb Code   130  main.o(i.SystemClock_Config)
    SystemInit                               0x08002a4d   Thumb Code    12  system_stm32f4xx.o(i.SystemInit)
    USBH_AllocPipe                           0x08002be1   Thumb Code    56  usbh_pipes.o(i.USBH_AllocPipe)
    USBH_BulkReceiveData                     0x08002c19   Thumb Code    32  usbh_ioreq.o(i.USBH_BulkReceiveData)
    USBH_BulkSendData                        0x08002c39   Thumb Code    40  usbh_ioreq.o(i.USBH_BulkSendData)
    USBH_ClosePipe                           0x08002c61   Thumb Code    10  usbh_pipes.o(i.USBH_ClosePipe)
    USBH_ClrFeature                          0x08002c6b   Thumb Code    30  usbh_ctlreq.o(i.USBH_ClrFeature)
    USBH_CtlReceiveData                      0x08002c89   Thumb Code    30  usbh_ioreq.o(i.USBH_CtlReceiveData)
    USBH_CtlReq                              0x08002ca7   Thumb Code    58  usbh_ctlreq.o(i.USBH_CtlReq)
    USBH_CtlSendData                         0x08002ce1   Thumb Code    40  usbh_ioreq.o(i.USBH_CtlSendData)
    USBH_CtlSendSetup                        0x08002d09   Thumb Code    30  usbh_ioreq.o(i.USBH_CtlSendSetup)
    USBH_Delay                               0x08002d27   Thumb Code     4  usbh_conf.o(i.USBH_Delay)
    USBH_FindInterface                       0x08002d2d   Thumb Code    68  usbh_core.o(i.USBH_FindInterface)
    USBH_FreePipe                            0x08002d71   Thumb Code    24  usbh_pipes.o(i.USBH_FreePipe)
    USBH_GetDescriptor                       0x08002d89   Thumb Code    52  usbh_ctlreq.o(i.USBH_GetDescriptor)
    USBH_GetNextDesc                         0x08002dbd   Thumb Code    14  usbh_ctlreq.o(i.USBH_GetNextDesc)
    USBH_Get_CfgDesc                         0x08002dcb   Thumb Code    44  usbh_ctlreq.o(i.USBH_Get_CfgDesc)
    USBH_Get_DevDesc                         0x08002df7   Thumb Code   168  usbh_ctlreq.o(i.USBH_Get_DevDesc)
    USBH_Get_StringDesc                      0x08002e9f   Thumb Code    72  usbh_ctlreq.o(i.USBH_Get_StringDesc)
    USBH_Get_USB_Status                      0x08002ee7   Thumb Code    24  usbh_conf.o(i.USBH_Get_USB_Status)
    USBH_Init                                0x080031fb   Thumb Code    62  usbh_core.o(i.USBH_Init)
    USBH_LL_ClosePipe                        0x08003239   Thumb Code    18  usbh_conf.o(i.USBH_LL_ClosePipe)
    USBH_LL_Connect                          0x0800324b   Thumb Code    20  usbh_core.o(i.USBH_LL_Connect)
    USBH_LL_Disconnect                       0x0800325f   Thumb Code    46  usbh_core.o(i.USBH_LL_Disconnect)
    USBH_LL_DriverVBUS                       0x0800328d   Thumb Code    12  usbh_conf.o(i.USBH_LL_DriverVBUS)
    USBH_LL_GetLastXferSize                  0x08003299   Thumb Code     8  usbh_conf.o(i.USBH_LL_GetLastXferSize)
    USBH_LL_GetSpeed                         0x080032a1   Thumb Code    34  usbh_conf.o(i.USBH_LL_GetSpeed)
    USBH_LL_GetToggle                        0x080032c3   Thumb Code    34  usbh_conf.o(i.USBH_LL_GetToggle)
    USBH_LL_GetURBState                      0x080032e5   Thumb Code     8  usbh_conf.o(i.USBH_LL_GetURBState)
    USBH_LL_IncTimer                         0x080032ed   Thumb Code    30  usbh_core.o(i.USBH_LL_IncTimer)
    USBH_LL_Init                             0x0800330d   Thumb Code    74  usbh_conf.o(i.USBH_LL_Init)
    USBH_LL_OpenPipe                         0x0800335d   Thumb Code    28  usbh_conf.o(i.USBH_LL_OpenPipe)
    USBH_LL_PortDisabled                     0x08003379   Thumb Code     8  usbh_core.o(i.USBH_LL_PortDisabled)
    USBH_LL_PortEnabled                      0x08003381   Thumb Code     8  usbh_core.o(i.USBH_LL_PortEnabled)
    USBH_LL_ResetPort                        0x08003389   Thumb Code    18  usbh_conf.o(i.USBH_LL_ResetPort)
    USBH_LL_SetTimer                         0x0800339b   Thumb Code     6  usbh_core.o(i.USBH_LL_SetTimer)
    USBH_LL_SetToggle                        0x080033a1   Thumb Code    36  usbh_conf.o(i.USBH_LL_SetToggle)
    USBH_LL_Start                            0x080033c5   Thumb Code    18  usbh_conf.o(i.USBH_LL_Start)
    USBH_LL_Stop                             0x080033d7   Thumb Code    18  usbh_conf.o(i.USBH_LL_Stop)
    USBH_LL_SubmitURB                        0x080033e9   Thumb Code    34  usbh_conf.o(i.USBH_LL_SubmitURB)
    USBH_MSC_BOT_Init                        0x08003429   Thumb Code    26  usbh_msc_bot.o(i.USBH_MSC_BOT_Init)
    USBH_MSC_BOT_Process                     0x0800344d   Thumb Code   470  usbh_msc_bot.o(i.USBH_MSC_BOT_Process)
    USBH_MSC_BOT_REQ_GetMaxLUN               0x08003629   Thumb Code    22  usbh_msc_bot.o(i.USBH_MSC_BOT_REQ_GetMaxLUN)
    USBH_MSC_BOT_REQ_Reset                   0x0800363f   Thumb Code    22  usbh_msc_bot.o(i.USBH_MSC_BOT_REQ_Reset)
    USBH_MSC_GetLUNInfo                      0x080036cd   Thumb Code    46  usbh_msc.o(i.USBH_MSC_GetLUNInfo)
    USBH_MSC_IsReady                         0x08003849   Thumb Code    22  usbh_msc.o(i.USBH_MSC_IsReady)
    USBH_MSC_Read                            0x08003b6b   Thumb Code   138  usbh_msc.o(i.USBH_MSC_Read)
    USBH_MSC_SCSI_Inquiry                    0x08003bf5   Thumb Code   212  usbh_msc_scsi.o(i.USBH_MSC_SCSI_Inquiry)
    USBH_MSC_SCSI_Read                       0x08003cc9   Thumb Code   128  usbh_msc_scsi.o(i.USBH_MSC_SCSI_Read)
    USBH_MSC_SCSI_ReadCapacity               0x08003d49   Thumb Code   122  usbh_msc_scsi.o(i.USBH_MSC_SCSI_ReadCapacity)
    USBH_MSC_SCSI_RequestSense               0x08003dc3   Thumb Code   146  usbh_msc_scsi.o(i.USBH_MSC_SCSI_RequestSense)
    USBH_MSC_SCSI_TestUnitReady              0x08003e55   Thumb Code    76  usbh_msc_scsi.o(i.USBH_MSC_SCSI_TestUnitReady)
    USBH_MSC_SCSI_Write                      0x08003ea1   Thumb Code   128  usbh_msc_scsi.o(i.USBH_MSC_SCSI_Write)
    USBH_MSC_UnitIsReady                     0x08003f25   Thumb Code    38  usbh_msc.o(i.USBH_MSC_UnitIsReady)
    USBH_MSC_Write                           0x08003f4b   Thumb Code   138  usbh_msc.o(i.USBH_MSC_Write)
    USBH_OpenPipe                            0x08003fd5   Thumb Code    20  usbh_pipes.o(i.USBH_OpenPipe)
    USBH_Process                             0x080041a5   Thumb Code   572  usbh_core.o(i.USBH_Process)
    USBH_RegisterClass                       0x080043e1   Thumb Code    28  usbh_core.o(i.USBH_RegisterClass)
    USBH_SelectInterface                     0x080043fd   Thumb Code    22  usbh_core.o(i.USBH_SelectInterface)
    USBH_SetAddress                          0x08004413   Thumb Code    28  usbh_ctlreq.o(i.USBH_SetAddress)
    USBH_SetCfg                              0x0800442f   Thumb Code    28  usbh_ctlreq.o(i.USBH_SetCfg)
    USBH_SetFeature                          0x0800444b   Thumb Code    28  usbh_ctlreq.o(i.USBH_SetFeature)
    USBH_Start                               0x08004467   Thumb Code    20  usbh_core.o(i.USBH_Start)
    USBH_initialize                          0x0800449d   Thumb Code     4  usbh_diskio.o(i.USBH_initialize)
    USBH_ioctl                               0x080044a1   Thumb Code    96  usbh_diskio.o(i.USBH_ioctl)
    USBH_read                                0x08004505   Thumb Code    62  usbh_diskio.o(i.USBH_read)
    USBH_status                              0x08004549   Thumb Code    20  usbh_diskio.o(i.USBH_status)
    USBH_write                               0x08004561   Thumb Code    70  usbh_diskio.o(i.USBH_write)
    USB_CoreInit                             0x080045ad   Thumb Code   112  stm32f4xx_ll_usb.o(i.USB_CoreInit)
    USB_DisableGlobalInt                     0x08004661   Thumb Code    12  stm32f4xx_ll_usb.o(i.USB_DisableGlobalInt)
    USB_DoPing                               0x0800466d   Thumb Code    30  stm32f4xx_ll_usb.o(i.USB_DoPing)
    USB_DriveVbus                            0x08004691   Thumb Code    44  stm32f4xx_ll_usb.o(i.USB_DriveVbus)
    USB_EnableGlobalInt                      0x080046bd   Thumb Code    12  stm32f4xx_ll_usb.o(i.USB_EnableGlobalInt)
    USB_FlushRxFifo                          0x080046c9   Thumb Code    54  stm32f4xx_ll_usb.o(i.USB_FlushRxFifo)
    USB_FlushTxFifo                          0x08004705   Thumb Code    58  stm32f4xx_ll_usb.o(i.USB_FlushTxFifo)
    USB_GetCurrentFrame                      0x08004745   Thumb Code     8  stm32f4xx_ll_usb.o(i.USB_GetCurrentFrame)
    USB_GetHostSpeed                         0x0800474d   Thumb Code    14  stm32f4xx_ll_usb.o(i.USB_GetHostSpeed)
    USB_GetMode                              0x0800475b   Thumb Code     8  stm32f4xx_ll_usb.o(i.USB_GetMode)
    USB_HC_Halt                              0x08004763   Thumb Code   196  stm32f4xx_ll_usb.o(i.USB_HC_Halt)
    USB_HC_Init                              0x08004829   Thumb Code   266  stm32f4xx_ll_usb.o(i.USB_HC_Init)
    USB_HC_ReadInterrupt                     0x08004933   Thumb Code     8  stm32f4xx_ll_usb.o(i.USB_HC_ReadInterrupt)
    USB_HC_StartXfer                         0x0800493b   Thumb Code   320  stm32f4xx_ll_usb.o(i.USB_HC_StartXfer)
    USB_HostInit                             0x08004a7d   Thumb Code   188  stm32f4xx_ll_usb.o(i.USB_HostInit)
    USB_InitFSLSPClkSel                      0x08004b4d   Thumb Code    54  stm32f4xx_ll_usb.o(i.USB_InitFSLSPClkSel)
    USB_ReadInterrupts                       0x08004b83   Thumb Code     8  stm32f4xx_ll_usb.o(i.USB_ReadInterrupts)
    USB_ReadPacket                           0x08004b8b   Thumb Code    62  stm32f4xx_ll_usb.o(i.USB_ReadPacket)
    USB_ResetPort                            0x08004bc9   Thumb Code    50  stm32f4xx_ll_usb.o(i.USB_ResetPort)
    USB_SetCurrentMode                       0x08004bfb   Thumb Code    92  stm32f4xx_ll_usb.o(i.USB_SetCurrentMode)
    USB_StopHost                             0x08004c57   Thumb Code   138  stm32f4xx_ll_usb.o(i.USB_StopHost)
    USB_WritePacket                          0x08004ce1   Thumb Code    40  stm32f4xx_ll_usb.o(i.USB_WritePacket)
    UsageFault_Handler                       0x08004d09   Thumb Code     2  stm32f4xx_it.o(i.UsageFault_Handler)
    _sys_exit                                0x08004d2b   Thumb Code     2  printf_retarget.o(i._sys_exit)
    _ttywrch                                 0x08004d2d   Thumb Code     2  printf_retarget.o(i._ttywrch)
    disk_initialize                          0x080056f9   Thumb Code    36  diskio.o(i.disk_initialize)
    disk_ioctl                               0x08005721   Thumb Code    24  diskio.o(i.disk_ioctl)
    disk_read                                0x0800573d   Thumb Code    24  diskio.o(i.disk_read)
    disk_status                              0x08005759   Thumb Code    18  diskio.o(i.disk_status)
    disk_write                               0x08005771   Thumb Code    24  diskio.o(i.disk_write)
    f_close                                  0x0800578d   Thumb Code    40  ff.o(i.f_close)
    f_closedir                               0x080057b5   Thumb Code    34  ff.o(i.f_closedir)
    f_lseek                                  0x080057d7   Thumb Code   530  ff.o(i.f_lseek)
    f_mount                                  0x080059e9   Thumb Code    84  ff.o(i.f_mount)
    f_open                                   0x08005a41   Thumb Code   524  ff.o(i.f_open)
    f_opendir                                0x08005c51   Thumb Code   136  ff.o(i.f_opendir)
    f_read                                   0x08005cd9   Thumb Code   338  ff.o(i.f_read)
    f_readdir                                0x08005e2b   Thumb Code    78  ff.o(i.f_readdir)
    f_sync                                   0x08005e79   Thumb Code   142  ff.o(i.f_sync)
    f_unlink                                 0x08005f07   Thumb Code   162  ff.o(i.f_unlink)
    f_write                                  0x08005fa9   Thumb Code   398  ff.o(i.f_write)
    ff_convert                               0x08006139   Thumb Code    52  ccsbcs.o(i.ff_convert)
    ff_wtoupper                              0x08006171   Thumb Code   120  ccsbcs.o(i.ff_wtoupper)
    find_file                                0x080061f1   Thumb Code   126  command.o(i.find_file)
    fputc                                    0x08006561   Thumb Code    24  printf_retarget.o(i.fputc)
    get_fattime                              0x080066b7   Thumb Code     4  fatfs.o(i.get_fattime)
    jump2app                                 0x08006861   Thumb Code    70  main.o(i.jump2app)
    main                                     0x08006921   Thumb Code   134  main.o(i.main)
    print_char                               0x08006a81   Thumb Code    18  printf_retarget.o(i.print_char)
    _get_lc_ctype                            0x08006e89   Thumb Code    44  lc_ctype_c.o(locale$$code)
    _fp_init                                 0x08006eb5   Thumb Code    10  fpinit.o(x$fpl$fpinit)
    __fplib_config_fpu_vfp                   0x08006ebd   Thumb Code     0  fpinit.o(x$fpl$fpinit)
    __fplib_config_pureend_doubles           0x08006ebd   Thumb Code     0  fpinit.o(x$fpl$fpinit)
    USBH_Driver                              0x08006ec0   Data          20  usbh_diskio.o(.constdata)
    AHBPrescTable                            0x08006ed4   Data          16  system_stm32f4xx.o(.constdata)
    APBPrescTable                            0x08006ee4   Data           8  system_stm32f4xx.o(.constdata)
    Region$$Table$$Base                      0x08007348   Number         0  anon$$obj.o(Region$$Table)
    Region$$Table$$Limit                     0x08007368   Number         0  anon$$obj.o(Region$$Table)
    __ctype                                  0x08007375   Data           0  lc_ctype_c.o(locale$$data)
    FirstSector                              0x20000000   Data           4  flash_if.o(.data)
    NbOfSectors                              0x20000004   Data           4  flash_if.o(.data)
    SectorError                              0x20000008   Data           4  flash_if.o(.data)
    OB_RDP_LEVEL                             0x2000000c   Data           4  flash_if.o(.data)
    __stdout                                 0x20000014   Data           4  printf_retarget.o(.data)
    UploadCondition                          0x20000028   Data           4  iap_menu.o(.data)
    retUSBH                                  0x2000002c   Data           1  fatfs.o(.data)
    USBHPath                                 0x2000002d   Data           4  fatfs.o(.data)
    Appli_state                              0x20000031   Data           1  usb_host.o(.data)
    uwTickFreq                               0x20000034   Data           1  stm32f4xx_hal.o(.data)
    uwTickPrio                               0x20000038   Data           4  stm32f4xx_hal.o(.data)
    uwTick                                   0x2000003c   Data           4  stm32f4xx_hal.o(.data)
    SystemCoreClock                          0x20000040   Data           4  system_stm32f4xx.o(.data)
    USBH_msc                                 0x2000004c   Data          32  usbh_msc.o(.data)
    huart2                                   0x2000009c   Data          68  usart.o(.bss)
    up_load_file                             0x200100e0   Data         560  command.o(.bss)
    down_load_file                           0x20010310   Data         560  command.o(.bss)
    USBHFatFS                                0x20010540   Data         564  fatfs.o(.bss)
    hUsbHostFS                               0x20010774   Data         984  usb_host.o(.bss)
    hhcd_USB_OTG_FS                          0x20010b4c   Data         772  usbh_conf.o(.bss)
    pFlash                                   0x20010e50   Data          32  stm32f4xx_hal_flash.o(.bss)
    disk                                     0x20010e90   Data          12  ff_gen_drv.o(.bss)
    __libspace_start                         0x20010e9c   Data          96  libspace.o(.bss)
    __temporary_stack_top$libspace           0x20010efc   Data           0  libspace.o(.bss)



==============================================================================

Memory Map of the image

  Image Entry point : 0x08000189

  Load Region LR_IROM1 (Base: 0x08000000, Size: 0x000074e4, Max: 0x0000c000, ABSOLUTE)

    Execution Region ER_IROM1 (Exec base: 0x08000000, Load base: 0x08000000, Size: 0x00007478, Max: 0x0000c000, ABSOLUTE)

    Exec Addr    Load Addr    Size         Type   Attr      Idx    E Section Name        Object

    0x08000000   0x08000000   0x00000188   Data   RO            3    RESET               startup_stm32f407xx.o
    0x08000188   0x08000188   0x00000008   Code   RO         4203  * !!!main             c_w.l(__main.o)
    0x08000190   0x08000190   0x00000034   Code   RO         4439    !!!scatter          c_w.l(__scatter.o)
    0x080001c4   0x080001c4   0x0000001a   Code   RO         4441    !!handler_copy      c_w.l(__scatter_copy.o)
    0x080001de   0x080001de   0x00000002   PAD
    0x080001e0   0x080001e0   0x0000001c   Code   RO         4443    !!handler_zi        c_w.l(__scatter_zi.o)
    0x080001fc   0x080001fc   0x00000000   Code   RO         4184    .ARM.Collect$$_printf_percent$$00000000  c_w.l(_printf_percent.o)
    0x080001fc   0x080001fc   0x00000006   Code   RO         4183    .ARM.Collect$$_printf_percent$$0000000A  c_w.l(_printf_u.o)
    0x08000202   0x08000202   0x00000006   Code   RO         4181    .ARM.Collect$$_printf_percent$$00000014  c_w.l(_printf_s.o)
    0x08000208   0x08000208   0x00000004   Code   RO         4247    .ARM.Collect$$_printf_percent$$00000017  c_w.l(_printf_percent_end.o)
    0x0800020c   0x0800020c   0x00000002   Code   RO         4380    .ARM.Collect$$libinit$$00000000  c_w.l(libinit.o)
    0x0800020e   0x0800020e   0x00000004   Code   RO         4250    .ARM.Collect$$libinit$$00000001  c_w.l(libinit2.o)
    0x08000212   0x08000212   0x00000000   Code   RO         4253    .ARM.Collect$$libinit$$00000004  c_w.l(libinit2.o)
    0x08000212   0x08000212   0x00000008   Code   RO         4254    .ARM.Collect$$libinit$$00000005  c_w.l(libinit2.o)
    0x0800021a   0x0800021a   0x00000000   Code   RO         4256    .ARM.Collect$$libinit$$0000000A  c_w.l(libinit2.o)
    0x0800021a   0x0800021a   0x00000000   Code   RO         4258    .ARM.Collect$$libinit$$0000000C  c_w.l(libinit2.o)
    0x0800021a   0x0800021a   0x00000000   Code   RO         4260    .ARM.Collect$$libinit$$0000000E  c_w.l(libinit2.o)
    0x0800021a   0x0800021a   0x00000006   Code   RO         4261    .ARM.Collect$$libinit$$0000000F  c_w.l(libinit2.o)
    0x08000220   0x08000220   0x00000000   Code   RO         4263    .ARM.Collect$$libinit$$00000011  c_w.l(libinit2.o)
    0x08000220   0x08000220   0x0000000c   Code   RO         4264    .ARM.Collect$$libinit$$00000012  c_w.l(libinit2.o)
    0x0800022c   0x0800022c   0x00000000   Code   RO         4265    .ARM.Collect$$libinit$$00000013  c_w.l(libinit2.o)
    0x0800022c   0x0800022c   0x00000000   Code   RO         4267    .ARM.Collect$$libinit$$00000015  c_w.l(libinit2.o)
    0x0800022c   0x0800022c   0x00000000   Code   RO         4269    .ARM.Collect$$libinit$$00000017  c_w.l(libinit2.o)
    0x0800022c   0x0800022c   0x00000000   Code   RO         4271    .ARM.Collect$$libinit$$00000019  c_w.l(libinit2.o)
    0x0800022c   0x0800022c   0x00000000   Code   RO         4273    .ARM.Collect$$libinit$$0000001B  c_w.l(libinit2.o)
    0x0800022c   0x0800022c   0x00000000   Code   RO         4275    .ARM.Collect$$libinit$$0000001D  c_w.l(libinit2.o)
    0x0800022c   0x0800022c   0x00000000   Code   RO         4277    .ARM.Collect$$libinit$$0000001F  c_w.l(libinit2.o)
    0x0800022c   0x0800022c   0x00000000   Code   RO         4279    .ARM.Collect$$libinit$$00000021  c_w.l(libinit2.o)
    0x0800022c   0x0800022c   0x00000000   Code   RO         4281    .ARM.Collect$$libinit$$00000023  c_w.l(libinit2.o)
    0x0800022c   0x0800022c   0x00000000   Code   RO         4283    .ARM.Collect$$libinit$$00000025  c_w.l(libinit2.o)
    0x0800022c   0x0800022c   0x00000000   Code   RO         4287    .ARM.Collect$$libinit$$0000002C  c_w.l(libinit2.o)
    0x0800022c   0x0800022c   0x00000000   Code   RO         4289    .ARM.Collect$$libinit$$0000002E  c_w.l(libinit2.o)
    0x0800022c   0x0800022c   0x00000000   Code   RO         4291    .ARM.Collect$$libinit$$00000030  c_w.l(libinit2.o)
    0x0800022c   0x0800022c   0x00000000   Code   RO         4293    .ARM.Collect$$libinit$$00000032  c_w.l(libinit2.o)
    0x0800022c   0x0800022c   0x00000002   Code   RO         4294    .ARM.Collect$$libinit$$00000033  c_w.l(libinit2.o)
    0x0800022e   0x0800022e   0x00000002   Code   RO         4436    .ARM.Collect$$libshutdown$$00000000  c_w.l(libshutdown.o)
    0x08000230   0x08000230   0x00000000   Code   RO         4394    .ARM.Collect$$libshutdown$$00000002  c_w.l(libshutdown2.o)
    0x08000230   0x08000230   0x00000000   Code   RO         4396    .ARM.Collect$$libshutdown$$00000004  c_w.l(libshutdown2.o)
    0x08000230   0x08000230   0x00000000   Code   RO         4398    .ARM.Collect$$libshutdown$$00000006  c_w.l(libshutdown2.o)
    0x08000230   0x08000230   0x00000000   Code   RO         4401    .ARM.Collect$$libshutdown$$00000009  c_w.l(libshutdown2.o)
    0x08000230   0x08000230   0x00000000   Code   RO         4404    .ARM.Collect$$libshutdown$$0000000C  c_w.l(libshutdown2.o)
    0x08000230   0x08000230   0x00000000   Code   RO         4406    .ARM.Collect$$libshutdown$$0000000E  c_w.l(libshutdown2.o)
    0x08000230   0x08000230   0x00000000   Code   RO         4409    .ARM.Collect$$libshutdown$$00000011  c_w.l(libshutdown2.o)
    0x08000230   0x08000230   0x00000002   Code   RO         4410    .ARM.Collect$$libshutdown$$00000012  c_w.l(libshutdown2.o)
    0x08000232   0x08000232   0x00000000   Code   RO         4209    .ARM.Collect$$rtentry$$00000000  c_w.l(__rtentry.o)
    0x08000232   0x08000232   0x00000000   Code   RO         4301    .ARM.Collect$$rtentry$$00000002  c_w.l(__rtentry2.o)
    0x08000232   0x08000232   0x00000006   Code   RO         4313    .ARM.Collect$$rtentry$$00000004  c_w.l(__rtentry4.o)
    0x08000238   0x08000238   0x00000000   Code   RO         4303    .ARM.Collect$$rtentry$$00000009  c_w.l(__rtentry2.o)
    0x08000238   0x08000238   0x00000004   Code   RO         4304    .ARM.Collect$$rtentry$$0000000A  c_w.l(__rtentry2.o)
    0x0800023c   0x0800023c   0x00000000   Code   RO         4306    .ARM.Collect$$rtentry$$0000000C  c_w.l(__rtentry2.o)
    0x0800023c   0x0800023c   0x00000008   Code   RO         4307    .ARM.Collect$$rtentry$$0000000D  c_w.l(__rtentry2.o)
    0x08000244   0x08000244   0x00000002   Code   RO         4381    .ARM.Collect$$rtexit$$00000000  c_w.l(rtexit.o)
    0x08000246   0x08000246   0x00000000   Code   RO         4412    .ARM.Collect$$rtexit$$00000002  c_w.l(rtexit2.o)
    0x08000246   0x08000246   0x00000004   Code   RO         4413    .ARM.Collect$$rtexit$$00000003  c_w.l(rtexit2.o)
    0x0800024a   0x0800024a   0x00000006   Code   RO         4414    .ARM.Collect$$rtexit$$00000004  c_w.l(rtexit2.o)
    0x08000250   0x08000250   0x00000000   Code   RO         4321    .emb_text           c_w.l(maybetermalloc1.o)
    0x08000250   0x08000250   0x00000040   Code   RO            4    .text               startup_stm32f407xx.o
    0x08000290   0x08000290   0x00000002   Code   RO         4085    .text               c_w.l(use_no_semi_2.o)
    0x08000292   0x08000292   0x0000005e   Code   RO         4091    .text               c_w.l(h1_alloc.o)
    0x080002f0   0x080002f0   0x0000004e   Code   RO         4093    .text               c_w.l(h1_free.o)
    0x0800033e   0x0800033e   0x000000ee   Code   RO         4149    .text               c_w.l(lludivv7m.o)
    0x0800042c   0x0800042c   0x00000018   Code   RO         4153    .text               c_w.l(noretval__2printf.o)
    0x08000444   0x08000444   0x00000052   Code   RO         4157    .text               c_w.l(_printf_str.o)
    0x08000496   0x08000496   0x00000002   PAD
    0x08000498   0x08000498   0x00000078   Code   RO         4159    .text               c_w.l(_printf_dec.o)
    0x08000510   0x08000510   0x000000b8   Code   RO         4164    .text               c_w.l(__printf_ss.o)
    0x080005c8   0x080005c8   0x0000002a   Code   RO         4185    .text               c_w.l(strcasecmp.o)
    0x080005f2   0x080005f2   0x0000003e   Code   RO         4187    .text               c_w.l(strlen.o)
    0x08000630   0x08000630   0x0000008a   Code   RO         4189    .text               c_w.l(rt_memcpy_v6.o)
    0x080006ba   0x080006ba   0x00000064   Code   RO         4191    .text               c_w.l(rt_memcpy_w.o)
    0x0800071e   0x0800071e   0x00000044   Code   RO         4193    .text               c_w.l(rt_memclr.o)
    0x08000762   0x08000762   0x0000004e   Code   RO         4195    .text               c_w.l(rt_memclr_w.o)
    0x080007b0   0x080007b0   0x00000056   Code   RO         4197    .text               c_w.l(strncpy.o)
    0x08000806   0x08000806   0x00000002   PAD
    0x08000808   0x08000808   0x00000080   Code   RO         4199    .text               c_w.l(strcmpv7m.o)
    0x08000888   0x08000888   0x00000006   Code   RO         4201    .text               c_w.l(heapauxi.o)
    0x0800088e   0x0800088e   0x00000002   Code   RO         4205    .text               c_w.l(use_no_semi.o)
    0x08000890   0x08000890   0x00000008   Code   RO         4217    .text               c_w.l(rt_heap_descriptor_intlibspace.o)
    0x08000898   0x08000898   0x00000004   Code   RO         4219    .text               c_w.l(hguard.o)
    0x0800089c   0x0800089c   0x0000008a   Code   RO         4221    .text               c_w.l(init_alloc.o)
    0x08000926   0x08000926   0x0000000e   Code   RO         4225    .text               c_w.l(h1_init.o)
    0x08000934   0x08000934   0x0000001a   Code   RO         4239    .text               c_w.l(tolower.o)
    0x0800094e   0x0800094e   0x000000b2   Code   RO         4241    .text               c_w.l(_printf_intcommon.o)
    0x08000a00   0x08000a00   0x0000002c   Code   RO         4243    .text               c_w.l(_printf_char.o)
    0x08000a2c   0x08000a2c   0x00000024   Code   RO         4245    .text               c_w.l(_printf_char_file.o)
    0x08000a50   0x08000a50   0x00000008   Code   RO         4297    .text               c_w.l(libspace.o)
    0x08000a58   0x08000a58   0x00000010   Code   RO         4315    .text               c_w.l(rt_ctype_table.o)
    0x08000a68   0x08000a68   0x00000034   Code   RO         4323    .text               c_w.l(h1_extend.o)
    0x08000a9c   0x08000a9c   0x00000030   Code   RO         4327    .text               c_w.l(_printf_char_common.o)
    0x08000acc   0x08000acc   0x00000008   Code   RO         4329    .text               c_w.l(ferror.o)
    0x08000ad4   0x08000ad4   0x0000000e   Code   RO         4333    .text               c_w.l(defsig_rtmem_outer.o)
    0x08000ae2   0x08000ae2   0x0000004a   Code   RO         4345    .text               c_w.l(sys_stackheap_outer.o)
    0x08000b2c   0x08000b2c   0x00000008   Code   RO         4352    .text               c_w.l(rt_locale_intlibspace.o)
    0x08000b34   0x08000b34   0x00000012   Code   RO         4361    .text               c_w.l(exit.o)
    0x08000b46   0x08000b46   0x0000000a   Code   RO         4363    .text               c_w.l(defsig_exit.o)
    0x08000b50   0x08000b50   0x00000050   Code   RO         4369    .text               c_w.l(defsig_rtmem_inner.o)
    0x08000ba0   0x08000ba0   0x00000032   Code   RO         4389    .text               c_w.l(defsig_general.o)
    0x08000bd2   0x08000bd2   0x00000002   Code   RO          401    i.BusFault_Handler  stm32f4xx_it.o
    0x08000bd4   0x08000bd4   0x00000134   Code   RO          507    i.COMMAND_Download  command.o
    0x08000d08   0x08000d08   0x00000024   Code   RO          508    i.COMMAND_Jump      command.o
    0x08000d2c   0x08000d2c   0x000000bc   Code   RO          509    i.COMMAND_Upload    command.o
    0x08000de8   0x08000de8   0x00000050   Code   RO         3546    i.DeInitStateMachine  usbh_core.o
    0x08000e38   0x08000e38   0x00000002   Code   RO          402    i.DebugMon_Handler  stm32f4xx_it.o
    0x08000e3a   0x08000e3a   0x00000002   PAD
    0x08000e3c   0x08000e3c   0x0000001c   Code   RO          588    i.Erase_Fail_Handler  iap_menu.o
    0x08000e58   0x08000e58   0x00000004   Code   RO          218    i.Error_Handler     main.o
    0x08000e5c   0x08000e5c   0x00000006   Code   RO         3434    i.FATFS_LinkDriver  ff_gen_drv.o
    0x08000e62   0x08000e62   0x00000002   PAD
    0x08000e64   0x08000e64   0x00000040   Code   RO         3435    i.FATFS_LinkDriverEx  ff_gen_drv.o
    0x08000ea4   0x08000ea4   0x00000050   Code   RO         1707    i.FLASH_Erase_Sector  stm32f4xx_hal_flash_ex.o
    0x08000ef4   0x08000ef4   0x00000054   Code   RO         1708    i.FLASH_FlushCaches  stm32f4xx_hal_flash_ex.o
    0x08000f48   0x08000f48   0x00000048   Code   RO           13    i.FLASH_If_EraseSectors  flash_if.o
    0x08000f90   0x08000f90   0x00000004   Code   RO           14    i.FLASH_If_FlashUnlock  flash_if.o
    0x08000f94   0x08000f94   0x000000c8   Code   RO           15    i.FLASH_If_GetSectorNumber  flash_if.o
    0x0800105c   0x0800105c   0x00000028   Code   RO           16    i.FLASH_If_ReadOutProtectionStatus  flash_if.o
    0x08001084   0x08001084   0x00000020   Code   RO           17    i.FLASH_If_Write    flash_if.o
    0x080010a4   0x080010a4   0x00000028   Code   RO         1709    i.FLASH_MassErase   stm32f4xx_hal_flash_ex.o
    0x080010cc   0x080010cc   0x00000020   Code   RO         1589    i.FLASH_Program_Byte  stm32f4xx_hal_flash.o
    0x080010ec   0x080010ec   0x0000002c   Code   RO         1590    i.FLASH_Program_DoubleWord  stm32f4xx_hal_flash.o
    0x08001118   0x08001118   0x00000024   Code   RO         1591    i.FLASH_Program_HalfWord  stm32f4xx_hal_flash.o
    0x0800113c   0x0800113c   0x00000024   Code   RO         1592    i.FLASH_Program_Word  stm32f4xx_hal_flash.o
    0x08001160   0x08001160   0x00000068   Code   RO         1593    i.FLASH_SetErrorCode  stm32f4xx_hal_flash.o
    0x080011c8   0x080011c8   0x00000050   Code   RO         1594    i.FLASH_WaitForLastOperation  stm32f4xx_hal_flash.o
    0x08001218   0x08001218   0x000000ec   Code   RO          589    i.FW_UPGRADE_Process  iap_menu.o
    0x08001304   0x08001304   0x0000001c   Code   RO          590    i.Fail_Handler      iap_menu.o
    0x08001320   0x08001320   0x0000001c   Code   RO          591    i.FatFs_Fail_Handler  iap_menu.o
    0x0800133c   0x0800133c   0x00000024   Code   RO         2314    i.HAL_Delay         stm32f4xx_hal.o
    0x08001360   0x08001360   0x00000098   Code   RO         1710    i.HAL_FLASHEx_Erase  stm32f4xx_hal_flash_ex.o
    0x080013f8   0x080013f8   0x00000040   Code   RO         1712    i.HAL_FLASHEx_OBGetConfig  stm32f4xx_hal_flash_ex.o
    0x08001438   0x08001438   0x0000007c   Code   RO         1603    i.HAL_FLASH_Program  stm32f4xx_hal_flash.o
    0x080014b4   0x080014b4   0x0000002c   Code   RO         1605    i.HAL_FLASH_Unlock  stm32f4xx_hal_flash.o
    0x080014e0   0x080014e0   0x000001f0   Code   RO         1788    i.HAL_GPIO_Init     stm32f4xx_hal_gpio.o
    0x080016d0   0x080016d0   0x0000000a   Code   RO         1790    i.HAL_GPIO_ReadPin  stm32f4xx_hal_gpio.o
    0x080016da   0x080016da   0x00000010   Code   RO         1791    i.HAL_GPIO_TogglePin  stm32f4xx_hal_gpio.o
    0x080016ea   0x080016ea   0x0000000a   Code   RO         1792    i.HAL_GPIO_WritePin  stm32f4xx_hal_gpio.o
    0x080016f4   0x080016f4   0x0000000c   Code   RO         2320    i.HAL_GetTick       stm32f4xx_hal.o
    0x08001700   0x08001700   0x00000008   Code   RO          768    i.HAL_HCD_Connect_Callback  usbh_conf.o
    0x08001708   0x08001708   0x00000008   Code   RO          769    i.HAL_HCD_Disconnect_Callback  usbh_conf.o
    0x08001710   0x08001710   0x00000006   Code   RO          949    i.HAL_HCD_GetCurrentFrame  stm32f4xx_hal_hcd.o
    0x08001716   0x08001716   0x00000006   Code   RO          950    i.HAL_HCD_GetCurrentSpeed  stm32f4xx_hal_hcd.o
    0x0800171c   0x0800171c   0x00000012   Code   RO          953    i.HAL_HCD_HC_GetURBState  stm32f4xx_hal_hcd.o
    0x0800172e   0x0800172e   0x00000010   Code   RO          954    i.HAL_HCD_HC_GetXferCount  stm32f4xx_hal_hcd.o
    0x0800173e   0x0800173e   0x00000024   Code   RO          955    i.HAL_HCD_HC_Halt   stm32f4xx_hal_hcd.o
    0x08001762   0x08001762   0x00000076   Code   RO          956    i.HAL_HCD_HC_Init   stm32f4xx_hal_hcd.o
    0x080017d8   0x080017d8   0x00000002   Code   RO          770    i.HAL_HCD_HC_NotifyURBChange_Callback  usbh_conf.o
    0x080017da   0x080017da   0x0000009a   Code   RO          958    i.HAL_HCD_HC_SubmitRequest  stm32f4xx_hal_hcd.o
    0x08001874   0x08001874   0x0000013a   Code   RO          959    i.HAL_HCD_IRQHandler  stm32f4xx_hal_hcd.o
    0x080019ae   0x080019ae   0x00000072   Code   RO          960    i.HAL_HCD_Init      stm32f4xx_hal_hcd.o
    0x08001a20   0x08001a20   0x00000084   Code   RO          772    i.HAL_HCD_MspInit   usbh_conf.o
    0x08001aa4   0x08001aa4   0x00000008   Code   RO          773    i.HAL_HCD_PortDisabled_Callback  usbh_conf.o
    0x08001aac   0x08001aac   0x00000008   Code   RO          774    i.HAL_HCD_PortEnabled_Callback  usbh_conf.o
    0x08001ab4   0x08001ab4   0x00000006   Code   RO          965    i.HAL_HCD_ResetPort  stm32f4xx_hal_hcd.o
    0x08001aba   0x08001aba   0x00000008   Code   RO          775    i.HAL_HCD_SOF_Callback  usbh_conf.o
    0x08001ac2   0x08001ac2   0x0000002c   Code   RO          967    i.HAL_HCD_Start     stm32f4xx_hal_hcd.o
    0x08001aee   0x08001aee   0x00000024   Code   RO          968    i.HAL_HCD_Stop      stm32f4xx_hal_hcd.o
    0x08001b12   0x08001b12   0x00000002   PAD
    0x08001b14   0x08001b14   0x00000010   Code   RO         2326    i.HAL_IncTick       stm32f4xx_hal.o
    0x08001b24   0x08001b24   0x00000034   Code   RO         2327    i.HAL_Init          stm32f4xx_hal.o
    0x08001b58   0x08001b58   0x00000040   Code   RO         2328    i.HAL_InitTick      stm32f4xx_hal.o
    0x08001b98   0x08001b98   0x00000030   Code   RO          483    i.HAL_MspInit       stm32f4xx_hal_msp.o
    0x08001bc8   0x08001bc8   0x0000001a   Code   RO         2177    i.HAL_NVIC_EnableIRQ  stm32f4xx_hal_cortex.o
    0x08001be2   0x08001be2   0x00000002   PAD
    0x08001be4   0x08001be4   0x00000040   Code   RO         2183    i.HAL_NVIC_SetPriority  stm32f4xx_hal_cortex.o
    0x08001c24   0x08001c24   0x00000024   Code   RO         2184    i.HAL_NVIC_SetPriorityGrouping  stm32f4xx_hal_cortex.o
    0x08001c48   0x08001c48   0x00000134   Code   RO         1434    i.HAL_RCC_ClockConfig  stm32f4xx_hal_rcc.o
    0x08001d7c   0x08001d7c   0x00000020   Code   RO         1441    i.HAL_RCC_GetPCLK1Freq  stm32f4xx_hal_rcc.o
    0x08001d9c   0x08001d9c   0x00000020   Code   RO         1442    i.HAL_RCC_GetPCLK2Freq  stm32f4xx_hal_rcc.o
    0x08001dbc   0x08001dbc   0x00000064   Code   RO         1443    i.HAL_RCC_GetSysClockFreq  stm32f4xx_hal_rcc.o
    0x08001e20   0x08001e20   0x0000036c   Code   RO         1446    i.HAL_RCC_OscConfig  stm32f4xx_hal_rcc.o
    0x0800218c   0x0800218c   0x00000028   Code   RO         2188    i.HAL_SYSTICK_Config  stm32f4xx_hal_cortex.o
    0x080021b4   0x080021b4   0x00000062   Code   RO         2630    i.HAL_UART_Init     stm32f4xx_hal_uart.o
    0x08002216   0x08002216   0x00000002   PAD
    0x08002218   0x08002218   0x00000068   Code   RO          360    i.HAL_UART_MspInit  usart.o
    0x08002280   0x08002280   0x000000b2   Code   RO         2638    i.HAL_UART_Transmit  stm32f4xx_hal_uart.o
    0x08002332   0x08002332   0x000001ea   Code   RO          970    i.HCD_HC_IN_IRQHandler  stm32f4xx_hal_hcd.o
    0x0800251c   0x0800251c   0x0000021c   Code   RO          971    i.HCD_HC_OUT_IRQHandler  stm32f4xx_hal_hcd.o
    0x08002738   0x08002738   0x00000094   Code   RO          972    i.HCD_Port_IRQHandler  stm32f4xx_hal_hcd.o
    0x080027cc   0x080027cc   0x0000008c   Code   RO          973    i.HCD_RXQLVL_IRQHandler  stm32f4xx_hal_hcd.o
    0x08002858   0x08002858   0x00000002   Code   RO          403    i.HardFault_Handler  stm32f4xx_it.o
    0x0800285a   0x0800285a   0x00000002   PAD
    0x0800285c   0x0800285c   0x0000001c   Code   RO          691    i.MX_FATFS_Init     fatfs.o
    0x08002878   0x08002878   0x000000ac   Code   RO          335    i.MX_GPIO_Init      gpio.o
    0x08002924   0x08002924   0x00000038   Code   RO          361    i.MX_USART2_UART_Init  usart.o
    0x0800295c   0x0800295c   0x00000040   Code   RO          729    i.MX_USB_HOST_Init  usb_host.o
    0x0800299c   0x0800299c   0x0000000c   Code   RO          730    i.MX_USB_HOST_Process  usb_host.o
    0x080029a8   0x080029a8   0x00000002   Code   RO          404    i.MemManage_Handler  stm32f4xx_it.o
    0x080029aa   0x080029aa   0x00000002   Code   RO          405    i.NMI_Handler       stm32f4xx_it.o
    0x080029ac   0x080029ac   0x0000000c   Code   RO          406    i.OTG_FS_IRQHandler  stm32f4xx_it.o
    0x080029b8   0x080029b8   0x00000002   Code   RO          407    i.PendSV_Handler    stm32f4xx_it.o
    0x080029ba   0x080029ba   0x00000002   Code   RO          408    i.SVC_Handler       stm32f4xx_it.o
    0x080029bc   0x080029bc   0x00000004   Code   RO          409    i.SysTick_Handler   stm32f4xx_it.o
    0x080029c0   0x080029c0   0x0000008c   Code   RO          219    i.SystemClock_Config  main.o
    0x08002a4c   0x08002a4c   0x00000010   Code   RO         2959    i.SystemInit        system_stm32f4xx.o
    0x08002a5c   0x08002a5c   0x0000010c   Code   RO         2656    i.UART_SetConfig    stm32f4xx_hal_uart.o
    0x08002b68   0x08002b68   0x00000078   Code   RO         2659    i.UART_WaitOnFlagUntilTimeout  stm32f4xx_hal_uart.o
    0x08002be0   0x08002be0   0x00000038   Code   RO         3852    i.USBH_AllocPipe    usbh_pipes.o
    0x08002c18   0x08002c18   0x00000020   Code   RO         3780    i.USBH_BulkReceiveData  usbh_ioreq.o
    0x08002c38   0x08002c38   0x00000028   Code   RO         3781    i.USBH_BulkSendData  usbh_ioreq.o
    0x08002c60   0x08002c60   0x0000000a   Code   RO         3853    i.USBH_ClosePipe    usbh_pipes.o
    0x08002c6a   0x08002c6a   0x0000001e   Code   RO         3681    i.USBH_ClrFeature   usbh_ctlreq.o
    0x08002c88   0x08002c88   0x0000001e   Code   RO         3782    i.USBH_CtlReceiveData  usbh_ioreq.o
    0x08002ca6   0x08002ca6   0x0000003a   Code   RO         3682    i.USBH_CtlReq       usbh_ctlreq.o
    0x08002ce0   0x08002ce0   0x00000028   Code   RO         3783    i.USBH_CtlSendData  usbh_ioreq.o
    0x08002d08   0x08002d08   0x0000001e   Code   RO         3784    i.USBH_CtlSendSetup  usbh_ioreq.o
    0x08002d26   0x08002d26   0x00000004   Code   RO          776    i.USBH_Delay        usbh_conf.o
    0x08002d2a   0x08002d2a   0x00000002   PAD
    0x08002d2c   0x08002d2c   0x00000044   Code   RO         3548    i.USBH_FindInterface  usbh_core.o
    0x08002d70   0x08002d70   0x00000018   Code   RO         3854    i.USBH_FreePipe     usbh_pipes.o
    0x08002d88   0x08002d88   0x00000034   Code   RO         3683    i.USBH_GetDescriptor  usbh_ctlreq.o
    0x08002dbc   0x08002dbc   0x0000000e   Code   RO         3684    i.USBH_GetNextDesc  usbh_ctlreq.o
    0x08002dca   0x08002dca   0x0000002c   Code   RO         3685    i.USBH_Get_CfgDesc  usbh_ctlreq.o
    0x08002df6   0x08002df6   0x000000a8   Code   RO         3686    i.USBH_Get_DevDesc  usbh_ctlreq.o
    0x08002e9e   0x08002e9e   0x00000048   Code   RO         3687    i.USBH_Get_StringDesc  usbh_ctlreq.o
    0x08002ee6   0x08002ee6   0x00000018   Code   RO          777    i.USBH_Get_USB_Status  usbh_conf.o
    0x08002efe   0x08002efe   0x00000192   Code   RO         3688    i.USBH_HandleControl  usbh_ctlreq.o
    0x08003090   0x08003090   0x0000016a   Code   RO         3551    i.USBH_HandleEnum   usbh_core.o
    0x080031fa   0x080031fa   0x0000003e   Code   RO         3552    i.USBH_Init         usbh_core.o
    0x08003238   0x08003238   0x00000012   Code   RO          778    i.USBH_LL_ClosePipe  usbh_conf.o
    0x0800324a   0x0800324a   0x00000014   Code   RO         3554    i.USBH_LL_Connect   usbh_core.o
    0x0800325e   0x0800325e   0x0000002e   Code   RO         3555    i.USBH_LL_Disconnect  usbh_core.o
    0x0800328c   0x0800328c   0x0000000c   Code   RO          780    i.USBH_LL_DriverVBUS  usbh_conf.o
    0x08003298   0x08003298   0x00000008   Code   RO          781    i.USBH_LL_GetLastXferSize  usbh_conf.o
    0x080032a0   0x080032a0   0x00000022   Code   RO          782    i.USBH_LL_GetSpeed  usbh_conf.o
    0x080032c2   0x080032c2   0x00000022   Code   RO          783    i.USBH_LL_GetToggle  usbh_conf.o
    0x080032e4   0x080032e4   0x00000008   Code   RO          784    i.USBH_LL_GetURBState  usbh_conf.o
    0x080032ec   0x080032ec   0x0000001e   Code   RO         3556    i.USBH_LL_IncTimer  usbh_core.o
    0x0800330a   0x0800330a   0x00000002   PAD
    0x0800330c   0x0800330c   0x00000050   Code   RO          785    i.USBH_LL_Init      usbh_conf.o
    0x0800335c   0x0800335c   0x0000001c   Code   RO          786    i.USBH_LL_OpenPipe  usbh_conf.o
    0x08003378   0x08003378   0x00000008   Code   RO         3557    i.USBH_LL_PortDisabled  usbh_core.o
    0x08003380   0x08003380   0x00000008   Code   RO         3558    i.USBH_LL_PortEnabled  usbh_core.o
    0x08003388   0x08003388   0x00000012   Code   RO          787    i.USBH_LL_ResetPort  usbh_conf.o
    0x0800339a   0x0800339a   0x00000006   Code   RO         3559    i.USBH_LL_SetTimer  usbh_core.o
    0x080033a0   0x080033a0   0x00000024   Code   RO          788    i.USBH_LL_SetToggle  usbh_conf.o
    0x080033c4   0x080033c4   0x00000012   Code   RO          789    i.USBH_LL_Start     usbh_conf.o
    0x080033d6   0x080033d6   0x00000012   Code   RO          790    i.USBH_LL_Stop      usbh_conf.o
    0x080033e8   0x080033e8   0x00000022   Code   RO          791    i.USBH_LL_SubmitURB  usbh_conf.o
    0x0800340a   0x0800340a   0x0000001e   Code   RO         3985    i.USBH_MSC_BOT_Abort  usbh_msc_bot.o
    0x08003428   0x08003428   0x00000024   Code   RO         3986    i.USBH_MSC_BOT_Init  usbh_msc_bot.o
    0x0800344c   0x0800344c   0x000001dc   Code   RO         3987    i.USBH_MSC_BOT_Process  usbh_msc_bot.o
    0x08003628   0x08003628   0x00000016   Code   RO         3988    i.USBH_MSC_BOT_REQ_GetMaxLUN  usbh_msc_bot.o
    0x0800363e   0x0800363e   0x00000016   Code   RO         3989    i.USBH_MSC_BOT_REQ_Reset  usbh_msc_bot.o
    0x08003654   0x08003654   0x00000078   Code   RO         3894    i.USBH_MSC_ClassRequest  usbh_msc.o
    0x080036cc   0x080036cc   0x0000002e   Code   RO         3895    i.USBH_MSC_GetLUNInfo  usbh_msc.o
    0x080036fa   0x080036fa   0x0000004a   Code   RO         3897    i.USBH_MSC_InterfaceDeInit  usbh_msc.o
    0x08003744   0x08003744   0x00000104   Code   RO         3898    i.USBH_MSC_InterfaceInit  usbh_msc.o
    0x08003848   0x08003848   0x00000016   Code   RO         3899    i.USBH_MSC_IsReady  usbh_msc.o
    0x0800385e   0x0800385e   0x0000027e   Code   RO         3900    i.USBH_MSC_Process  usbh_msc.o
    0x08003adc   0x08003adc   0x0000008e   Code   RO         3901    i.USBH_MSC_RdWrProcess  usbh_msc.o
    0x08003b6a   0x08003b6a   0x0000008a   Code   RO         3902    i.USBH_MSC_Read     usbh_msc.o
    0x08003bf4   0x08003bf4   0x000000d4   Code   RO         4032    i.USBH_MSC_SCSI_Inquiry  usbh_msc_scsi.o
    0x08003cc8   0x08003cc8   0x00000080   Code   RO         4033    i.USBH_MSC_SCSI_Read  usbh_msc_scsi.o
    0x08003d48   0x08003d48   0x0000007a   Code   RO         4034    i.USBH_MSC_SCSI_ReadCapacity  usbh_msc_scsi.o
    0x08003dc2   0x08003dc2   0x00000092   Code   RO         4035    i.USBH_MSC_SCSI_RequestSense  usbh_msc_scsi.o
    0x08003e54   0x08003e54   0x0000004c   Code   RO         4036    i.USBH_MSC_SCSI_TestUnitReady  usbh_msc_scsi.o
    0x08003ea0   0x08003ea0   0x00000080   Code   RO         4037    i.USBH_MSC_SCSI_Write  usbh_msc_scsi.o
    0x08003f20   0x08003f20   0x00000004   Code   RO         3903    i.USBH_MSC_SOFProcess  usbh_msc.o
    0x08003f24   0x08003f24   0x00000026   Code   RO         3904    i.USBH_MSC_UnitIsReady  usbh_msc.o
    0x08003f4a   0x08003f4a   0x0000008a   Code   RO         3905    i.USBH_MSC_Write    usbh_msc.o
    0x08003fd4   0x08003fd4   0x00000014   Code   RO         3855    i.USBH_OpenPipe     usbh_pipes.o
    0x08003fe8   0x08003fe8   0x0000014c   Code   RO         3689    i.USBH_ParseCfgDesc  usbh_ctlreq.o
    0x08004134   0x08004134   0x0000006e   Code   RO         3690    i.USBH_ParseEPDesc  usbh_ctlreq.o
    0x080041a2   0x080041a2   0x00000002   PAD
    0x080041a4   0x080041a4   0x0000023c   Code   RO         3560    i.USBH_Process      usbh_core.o
    0x080043e0   0x080043e0   0x0000001c   Code   RO         3562    i.USBH_RegisterClass  usbh_core.o
    0x080043fc   0x080043fc   0x00000016   Code   RO         3563    i.USBH_SelectInterface  usbh_core.o
    0x08004412   0x08004412   0x0000001c   Code   RO         3691    i.USBH_SetAddress   usbh_ctlreq.o
    0x0800442e   0x0800442e   0x0000001c   Code   RO         3692    i.USBH_SetCfg       usbh_ctlreq.o
    0x0800444a   0x0800444a   0x0000001c   Code   RO         3693    i.USBH_SetFeature   usbh_ctlreq.o
    0x08004466   0x08004466   0x00000014   Code   RO         3564    i.USBH_Start        usbh_core.o
    0x0800447a   0x0800447a   0x00000002   PAD
    0x0800447c   0x0800447c   0x00000020   Code   RO          731    i.USBH_UserProcess  usb_host.o
    0x0800449c   0x0800449c   0x00000004   Code   RO          636    i.USBH_initialize   usbh_diskio.o
    0x080044a0   0x080044a0   0x00000064   Code   RO          637    i.USBH_ioctl        usbh_diskio.o
    0x08004504   0x08004504   0x00000044   Code   RO          638    i.USBH_read         usbh_diskio.o
    0x08004548   0x08004548   0x00000018   Code   RO          639    i.USBH_status       usbh_diskio.o
    0x08004560   0x08004560   0x0000004c   Code   RO          640    i.USBH_write        usbh_diskio.o
    0x080045ac   0x080045ac   0x00000074   Code   RO         1133    i.USB_CoreInit      stm32f4xx_ll_usb.o
    0x08004620   0x08004620   0x00000040   Code   RO         1134    i.USB_CoreReset     stm32f4xx_ll_usb.o
    0x08004660   0x08004660   0x0000000c   Code   RO         1141    i.USB_DisableGlobalInt  stm32f4xx_ll_usb.o
    0x0800466c   0x0800466c   0x00000024   Code   RO         1142    i.USB_DoPing        stm32f4xx_ll_usb.o
    0x08004690   0x08004690   0x0000002c   Code   RO         1143    i.USB_DriveVbus     stm32f4xx_ll_usb.o
    0x080046bc   0x080046bc   0x0000000c   Code   RO         1150    i.USB_EnableGlobalInt  stm32f4xx_ll_usb.o
    0x080046c8   0x080046c8   0x0000003c   Code   RO         1151    i.USB_FlushRxFifo   stm32f4xx_ll_usb.o
    0x08004704   0x08004704   0x00000040   Code   RO         1152    i.USB_FlushTxFifo   stm32f4xx_ll_usb.o
    0x08004744   0x08004744   0x00000008   Code   RO         1153    i.USB_GetCurrentFrame  stm32f4xx_ll_usb.o
    0x0800474c   0x0800474c   0x0000000e   Code   RO         1155    i.USB_GetHostSpeed  stm32f4xx_ll_usb.o
    0x0800475a   0x0800475a   0x00000008   Code   RO         1156    i.USB_GetMode       stm32f4xx_ll_usb.o
    0x08004762   0x08004762   0x000000c4   Code   RO         1157    i.USB_HC_Halt       stm32f4xx_ll_usb.o
    0x08004826   0x08004826   0x00000002   PAD
    0x08004828   0x08004828   0x0000010a   Code   RO         1158    i.USB_HC_Init       stm32f4xx_ll_usb.o
    0x08004932   0x08004932   0x00000008   Code   RO         1159    i.USB_HC_ReadInterrupt  stm32f4xx_ll_usb.o
    0x0800493a   0x0800493a   0x00000140   Code   RO         1160    i.USB_HC_StartXfer  stm32f4xx_ll_usb.o
    0x08004a7a   0x08004a7a   0x00000002   PAD
    0x08004a7c   0x08004a7c   0x000000d0   Code   RO         1161    i.USB_HostInit      stm32f4xx_ll_usb.o
    0x08004b4c   0x08004b4c   0x00000036   Code   RO         1162    i.USB_InitFSLSPClkSel  stm32f4xx_ll_usb.o
    0x08004b82   0x08004b82   0x00000008   Code   RO         1167    i.USB_ReadInterrupts  stm32f4xx_ll_usb.o
    0x08004b8a   0x08004b8a   0x0000003e   Code   RO         1168    i.USB_ReadPacket    stm32f4xx_ll_usb.o
    0x08004bc8   0x08004bc8   0x00000032   Code   RO         1169    i.USB_ResetPort     stm32f4xx_ll_usb.o
    0x08004bfa   0x08004bfa   0x0000005c   Code   RO         1170    i.USB_SetCurrentMode  stm32f4xx_ll_usb.o
    0x08004c56   0x08004c56   0x0000008a   Code   RO         1175    i.USB_StopHost      stm32f4xx_ll_usb.o
    0x08004ce0   0x08004ce0   0x00000028   Code   RO         1176    i.USB_WritePacket   stm32f4xx_ll_usb.o
    0x08004d08   0x08004d08   0x00000002   Code   RO          410    i.UsageFault_Handler  stm32f4xx_it.o
    0x08004d0a   0x08004d0a   0x00000020   Code   RO         2190    i.__NVIC_SetPriority  stm32f4xx_hal_cortex.o
    0x08004d2a   0x08004d2a   0x00000002   Code   RO          164    i._sys_exit         printf_retarget.o
    0x08004d2c   0x08004d2c   0x00000002   Code   RO          165    i._ttywrch          printf_retarget.o
    0x08004d2e   0x08004d2e   0x00000002   PAD
    0x08004d30   0x08004d30   0x00000070   Code   RO         3051    i.check_fs          ff.o
    0x08004da0   0x08004da0   0x00000010   Code   RO         3052    i.chk_chr           ff.o
    0x08004db0   0x08004db0   0x0000005c   Code   RO         3053    i.chk_lock          ff.o
    0x08004e0c   0x08004e0c   0x00000020   Code   RO         3054    i.clear_lock        ff.o
    0x08004e2c   0x08004e2c   0x00000024   Code   RO         3055    i.clmt_clust        ff.o
    0x08004e50   0x08004e50   0x00000018   Code   RO         3056    i.clust2sect        ff.o
    0x08004e68   0x08004e68   0x00000080   Code   RO         3057    i.cmp_lfn           ff.o
    0x08004ee8   0x08004ee8   0x000000a4   Code   RO         3058    i.create_chain      ff.o
    0x08004f8c   0x08004f8c   0x00000208   Code   RO         3059    i.create_name       ff.o
    0x08005194   0x08005194   0x00000034   Code   RO         3060    i.dec_lock          ff.o
    0x080051c8   0x080051c8   0x000000d0   Code   RO         3061    i.dir_find          ff.o
    0x08005298   0x08005298   0x000000f4   Code   RO         3062    i.dir_next          ff.o
    0x0800538c   0x0800538c   0x000000b6   Code   RO         3063    i.dir_read          ff.o
    0x08005442   0x08005442   0x00000002   PAD
    0x08005444   0x08005444   0x000001e4   Code   RO         3064    i.dir_register      ff.o
    0x08005628   0x08005628   0x0000004e   Code   RO         3065    i.dir_remove        ff.o
    0x08005676   0x08005676   0x00000082   Code   RO         3066    i.dir_sdi           ff.o
    0x080056f8   0x080056f8   0x00000028   Code   RO         2996    i.disk_initialize   diskio.o
    0x08005720   0x08005720   0x0000001c   Code   RO         2997    i.disk_ioctl        diskio.o
    0x0800573c   0x0800573c   0x0000001c   Code   RO         2998    i.disk_read         diskio.o
    0x08005758   0x08005758   0x00000018   Code   RO         2999    i.disk_status       diskio.o
    0x08005770   0x08005770   0x0000001c   Code   RO         3000    i.disk_write        diskio.o
    0x0800578c   0x0800578c   0x00000028   Code   RO         3067    i.f_close           ff.o
    0x080057b4   0x080057b4   0x00000022   Code   RO         3068    i.f_closedir        ff.o
    0x080057d6   0x080057d6   0x00000212   Code   RO         3073    i.f_lseek           ff.o
    0x080059e8   0x080059e8   0x00000058   Code   RO         3076    i.f_mount           ff.o
    0x08005a40   0x08005a40   0x00000210   Code   RO         3077    i.f_open            ff.o
    0x08005c50   0x08005c50   0x00000088   Code   RO         3078    i.f_opendir         ff.o
    0x08005cd8   0x08005cd8   0x00000152   Code   RO         3082    i.f_read            ff.o
    0x08005e2a   0x08005e2a   0x0000004e   Code   RO         3083    i.f_readdir         ff.o
    0x08005e78   0x08005e78   0x0000008e   Code   RO         3086    i.f_sync            ff.o
    0x08005f06   0x08005f06   0x000000a2   Code   RO         3088    i.f_unlink          ff.o
    0x08005fa8   0x08005fa8   0x0000018e   Code   RO         3089    i.f_write           ff.o
    0x08006136   0x08006136   0x00000002   PAD
    0x08006138   0x08006138   0x00000038   Code   RO         3508    i.ff_convert        ccsbcs.o
    0x08006170   0x08006170   0x00000080   Code   RO         3509    i.ff_wtoupper       ccsbcs.o
    0x080061f0   0x080061f0   0x000000a8   Code   RO          512    i.find_file         command.o
    0x08006298   0x08006298   0x00000254   Code   RO         3090    i.find_volume       ff.o
    0x080064ec   0x080064ec   0x00000074   Code   RO         3091    i.follow_path       ff.o
    0x08006560   0x08006560   0x00000018   Code   RO          166    i.fputc             printf_retarget.o
    0x08006578   0x08006578   0x00000080   Code   RO         3092    i.gen_numname       ff.o
    0x080065f8   0x080065f8   0x000000be   Code   RO         3094    i.get_fat           ff.o
    0x080066b6   0x080066b6   0x00000004   Code   RO          692    i.get_fattime       fatfs.o
    0x080066ba   0x080066ba   0x000000e8   Code   RO         3095    i.get_fileinfo      ff.o
    0x080067a2   0x080067a2   0x0000003c   Code   RO         3096    i.get_ldnumber      ff.o
    0x080067de   0x080067de   0x00000002   PAD
    0x080067e0   0x080067e0   0x00000080   Code   RO         3097    i.inc_lock          ff.o
    0x08006860   0x08006860   0x00000078   Code   RO          220    i.jump2app          main.o
    0x080068d8   0x080068d8   0x00000026   Code   RO         3098    i.ld_clust          ff.o
    0x080068fe   0x080068fe   0x00000016   Code   RO         3099    i.ld_dword          ff.o
    0x08006914   0x08006914   0x0000000a   Code   RO         3100    i.ld_word           ff.o
    0x0800691e   0x0800691e   0x00000002   PAD
    0x08006920   0x08006920   0x00000098   Code   RO          221    i.main              main.o
    0x080069b8   0x080069b8   0x00000012   Code   RO         3101    i.mem_cpy           ff.o
    0x080069ca   0x080069ca   0x00000002   PAD
    0x080069cc   0x080069cc   0x0000000e   Code   RO         3102    i.mem_set           ff.o
    0x080069da   0x080069da   0x00000032   Code   RO         3103    i.move_window       ff.o
    0x08006a0c   0x08006a0c   0x00000074   Code   RO         3105    i.pick_lfn          ff.o
    0x08006a80   0x08006a80   0x00000018   Code   RO          167    i.print_char        printf_retarget.o
    0x08006a98   0x08006a98   0x00000128   Code   RO          515    i.program_flash_memory  command.o
    0x08006bc0   0x08006bc0   0x000000ea   Code   RO         3106    i.put_fat           ff.o
    0x08006caa   0x08006caa   0x00000074   Code   RO         3109    i.remove_chain      ff.o
    0x08006d1e   0x08006d1e   0x00000028   Code   RO         3110    i.st_clust          ff.o
    0x08006d46   0x08006d46   0x00000010   Code   RO         3111    i.st_dword          ff.o
    0x08006d56   0x08006d56   0x00000008   Code   RO         3112    i.st_word           ff.o
    0x08006d5e   0x08006d5e   0x0000001a   Code   RO         3113    i.sum_sfn           ff.o
    0x08006d78   0x08006d78   0x00000088   Code   RO         3114    i.sync_fs           ff.o
    0x08006e00   0x08006e00   0x00000052   Code   RO         3115    i.sync_window       ff.o
    0x08006e52   0x08006e52   0x00000034   Code   RO         3116    i.validate          ff.o
    0x08006e86   0x08006e86   0x00000002   PAD
    0x08006e88   0x08006e88   0x0000002c   Code   RO         4359    locale$$code        c_w.l(lc_ctype_c.o)
    0x08006eb4   0x08006eb4   0x0000000a   Code   RO         4342    x$fpl$fpinit        fz_wm.l(fpinit.o)
    0x08006ebe   0x08006ebe   0x00000002   PAD
    0x08006ec0   0x08006ec0   0x00000014   Data   RO          641    .constdata          usbh_diskio.o
    0x08006ed4   0x08006ed4   0x00000010   Data   RO         2960    .constdata          system_stm32f4xx.o
    0x08006ee4   0x08006ee4   0x00000008   Data   RO         2961    .constdata          system_stm32f4xx.o
    0x08006eec   0x08006eec   0x000000aa   Data   RO         3118    .constdata          ff.o
    0x08006f96   0x08006f96   0x000003ae   Data   RO         3510    .constdata          ccsbcs.o
    0x08007344   0x08007344   0x00000004   Data   RO         3906    .conststring        usbh_msc.o
    0x08007348   0x08007348   0x00000020   Data   RO         4437    Region$$Table       anon$$obj.o
    0x08007368   0x08007368   0x00000110   Data   RO         4358    locale$$data        c_w.l(lc_ctype_c.o)


    Execution Region RW_IRAM1 (Exec base: 0x20000000, Load base: 0x08007478, Size: 0x00011500, Max: 0x0001c000, ABSOLUTE)

    Exec Addr    Load Addr    Size         Type   Attr      Idx    E Section Name        Object

    0x20000000   0x08007478   0x00000010   Data   RW           19    .data               flash_if.o
    0x20000010   0x08007488   0x00000004   Data   RW          168    .data               printf_retarget.o
    0x20000014   0x0800748c   0x00000004   Data   RW          169    .data               printf_retarget.o
    0x20000018   0x08007490   0x0000000c   Data   RW          518    .data               command.o
    0x20000024   0x0800749c   0x00000008   Data   RW          592    .data               iap_menu.o
    0x2000002c   0x080074a4   0x00000005   Data   RW          695    .data               fatfs.o
    0x20000031   0x080074a9   0x00000001   Data   RW          733    .data               usb_host.o
    0x20000032   0x080074aa   0x00000002   PAD
    0x20000034   0x080074ac   0x0000000c   Data   RW         2334    .data               stm32f4xx_hal.o
    0x20000040   0x080074b8   0x00000004   Data   RW         2962    .data               system_stm32f4xx.o
    0x20000044   0x080074bc   0x00000008   Data   RW         3119    .data               ff.o
    0x2000004c   0x080074c4   0x00000020   Data   RW         3907    .data               usbh_msc.o
    0x2000006c        -       0x00000030   Zero   RW           18    .bss                flash_if.o
    0x2000009c        -       0x00000044   Zero   RW          362    .bss                usart.o
    0x200000e0        -       0x00010460   Zero   RW          516    .bss                command.o
    0x20010540        -       0x00000234   Zero   RW          693    .bss                fatfs.o
    0x20010774        -       0x000003d8   Zero   RW          732    .bss                usb_host.o
    0x20010b4c        -       0x00000304   Zero   RW          792    .bss                usbh_conf.o
    0x20010e50        -       0x00000020   Zero   RW         1606    .bss                stm32f4xx_hal_flash.o
    0x20010e70        -       0x00000020   Zero   RW         3117    .bss                ff.o
    0x20010e90        -       0x0000000c   Zero   RW         3438    .bss                ff_gen_drv.o
    0x20010e9c        -       0x00000060   Zero   RW         4298    .bss                c_w.l(libspace.o)
    0x20010efc   0x080074e4   0x00000004   PAD
    0x20010f00        -       0x00000200   Zero   RW            2    HEAP                startup_stm32f407xx.o
    0x20011100        -       0x00000400   Zero   RW            1    STACK               startup_stm32f407xx.o


    Execution Region RW_IRAM2 (Exec base: 0x2001c000, Load base: 0x080074e4, Size: 0x00000000, Max: 0x00004000, ABSOLUTE)

    **** No section assigned to this execution region ****


==============================================================================

Image component sizes


      Code (inc. data)   RO Data    RW Data    ZI Data      Debug   Object Name

       184         22        942          0          0       2739   ccsbcs.o
       996        324          0         12      66656      34768   command.o
       148         22          0          0          0       3657   diskio.o
        32         10          0          5        564       1488   fatfs.o
      7404        106        170          8         32      52317   ff.o
        70          6          0          0         12       1595   ff_gen_drv.o
       348         72          0         16         48     676294   flash_if.o
       172         18          0          0          0        951   gpio.o
       320         48          0          8          0       2967   iap_menu.o
       416         78          0          0          0      56093   main.o
        52          6          0          8          0       3778   printf_retarget.o
        64         26        392          0       1536        832   startup_stm32f407xx.o
       180         28          0         12          0       9313   stm32f4xx_hal.o
       198         14          0          0          0      33875   stm32f4xx_hal_cortex.o
       500         60          0          0         32       5921   stm32f4xx_hal_flash.o
       420         30          0          0          0       4740   stm32f4xx_hal_flash_ex.o
       532         46          0          0          0       3436   stm32f4xx_hal_gpio.o
      2186          0          0          0          0      13613   stm32f4xx_hal_hcd.o
        48          6          0          0          0        830   stm32f4xx_hal_msp.o
      1348         76          0          0          0       5168   stm32f4xx_hal_rcc.o
       664         10          0          0          0       4144   stm32f4xx_hal_uart.o
        32          6          0          0          0       4514   stm32f4xx_it.o
      1880         48          0          0          0      18397   stm32f4xx_ll_usb.o
        16          4         24          4          0       1091   system_stm32f4xx.o
       160         20          0          0         68       1662   usart.o
       108         22          0          1        984       2158   usb_host.o
       548         16          0          0        772      13633   usbh_conf.o
      1332         20          0          0          0      10989   usbh_core.o
      1366         12          0          0          0      11766   usbh_ctlreq.o
       272         20         20          0          0       4137   usbh_diskio.o
       172          0          0          0          0       4276   usbh_ioreq.o
      1620         10          4         32          0      11356   usbh_msc.o
       586         28          0          0          0       4737   usbh_msc_bot.o
       812          0          0          0          0       6215   usbh_msc_scsi.o
       110          0          0          0          0       3298   usbh_pipes.o

    ----------------------------------------------------------------------
     25334       1214       1584        108      70704    1016748   Object Totals
         0          0         32          0          0          0   (incl. Generated)
        38          0          0          2          0          0   (incl. Padding)

    ----------------------------------------------------------------------

      Code (inc. data)   RO Data    RW Data    ZI Data      Debug   Library Member Name

         8          0          0          0          0         68   __main.o
       184          0          0          0          0         84   __printf_ss.o
         0          0          0          0          0          0   __rtentry.o
        12          0          0          0          0          0   __rtentry2.o
         6          0          0          0          0          0   __rtentry4.o
        52          8          0          0          0          0   __scatter.o
        26          0          0          0          0          0   __scatter_copy.o
        28          0          0          0          0          0   __scatter_zi.o
        44          0          0          0          0        108   _printf_char.o
        48          6          0          0          0         96   _printf_char_common.o
        36          4          0          0          0         80   _printf_char_file.o
       120         16          0          0          0         92   _printf_dec.o
       178          0          0          0          0         88   _printf_intcommon.o
         0          0          0          0          0          0   _printf_percent.o
         4          0          0          0          0          0   _printf_percent_end.o
         6          0          0          0          0          0   _printf_s.o
        82          0          0          0          0         80   _printf_str.o
         6          0          0          0          0          0   _printf_u.o
        10          0          0          0          0         68   defsig_exit.o
        50          0          0          0          0         88   defsig_general.o
        80         58          0          0          0         76   defsig_rtmem_inner.o
        14          0          0          0          0         80   defsig_rtmem_outer.o
        18          0          0          0          0         80   exit.o
         8          0          0          0          0         68   ferror.o
        94          0          0          0          0         80   h1_alloc.o
        52          0          0          0          0         68   h1_extend.o
        78          0          0          0          0         80   h1_free.o
        14          0          0          0          0         84   h1_init.o
         6          0          0          0          0        152   heapauxi.o
         4          0          0          0          0        136   hguard.o
       138          0          0          0          0        168   init_alloc.o
        44         10        272          0          0         76   lc_ctype_c.o
         2          0          0          0          0          0   libinit.o
        32          0          0          0          0          0   libinit2.o
         2          0          0          0          0          0   libshutdown.o
         2          0          0          0          0          0   libshutdown2.o
         8          4          0          0         96         68   libspace.o
       238          0          0          0          0        100   lludivv7m.o
         0          0          0          0          0          0   maybetermalloc1.o
        24          4          0          0          0         84   noretval__2printf.o
        16          4          0          0          0         76   rt_ctype_table.o
         8          4          0          0          0         68   rt_heap_descriptor_intlibspace.o
         8          4          0          0          0         68   rt_locale_intlibspace.o
        68          0          0          0          0         68   rt_memclr.o
        78          0          0          0          0         80   rt_memclr_w.o
       138          0          0          0          0         68   rt_memcpy_v6.o
       100          0          0          0          0         80   rt_memcpy_w.o
         2          0          0          0          0          0   rtexit.o
        10          0          0          0          0          0   rtexit2.o
        42          0          0          0          0         84   strcasecmp.o
       128          0          0          0          0         68   strcmpv7m.o
        62          0          0          0          0         76   strlen.o
        86          0          0          0          0         76   strncpy.o
        74          0          0          0          0         80   sys_stackheap_outer.o
        26          0          0          0          0         76   tolower.o
         2          0          0          0          0         68   use_no_semi.o
         2          0          0          0          0         68   use_no_semi_2.o
        10          0          0          0          0        116   fpinit.o

    ----------------------------------------------------------------------
      2626        122        272          0        100       3472   Library Totals
         8          0          0          0          4          0   (incl. Padding)

    ----------------------------------------------------------------------

      Code (inc. data)   RO Data    RW Data    ZI Data      Debug   Library Name

      2608        122        272          0         96       3356   c_w.l
        10          0          0          0          0        116   fz_wm.l

    ----------------------------------------------------------------------
      2626        122        272          0        100       3472   Library Totals

    ----------------------------------------------------------------------

==============================================================================


      Code (inc. data)   RO Data    RW Data    ZI Data      Debug   

     27960       1336       1856        108      70804     993096   Grand Totals
     27960       1336       1856        108      70804     993096   ELF Image Totals
     27960       1336       1856        108          0          0   ROM Totals

==============================================================================

    Total RO  Size (Code + RO Data)                29816 (  29.12kB)
    Total RW  Size (RW Data + ZI Data)             70912 (  69.25kB)
    Total ROM Size (Code + RO Data + RW Data)      29924 (  29.22kB)

==============================================================================

